Component: Arm Compiler for Embedded 6.19 Tool: armlink [5e73cb00]

==============================================================================

Section Cross References

    main.o(.text._Z4InitPaPsi) refers to main.o(.text._ZNSt3__224uniform_int_distributionIiEC2Eii) for std::__2::uniform_int_distribution<int>::uniform_int_distribution__sub_object(int, int)
    main.o(.text._Z4InitPaPsi) refers to main.o(.text._ZNSt3__223mersenne_twister_engineIjLj32ELj624ELj397ELj31ELj2567483615ELj11ELj4294967295ELj7ELj2636928640ELj15ELj4022730752ELj18ELj1812433253EEC2B6v16000Ej) for std::__2::mersenne_twister_engine<unsigned int, 32u, 624u, 397u, 31u, 2567483615u, 11u, 4294967295u, 7u, 2636928640u, 15u, 4022730752u, 18u, 1812433253u>::mersenne_twister_engine__sub_object[abi:v16000](unsigned int)
    main.o(.text._Z4InitPaPsi) refers to main.o(.text._ZNSt3__224uniform_int_distributionIiEclINS_23mersenne_twister_engineIjLj32ELj624ELj397ELj31ELj2567483615ELj11ELj4294967295ELj7ELj2636928640ELj15ELj4022730752ELj18ELj1812433253EEEEEiRT_) for int std::__2::uniform_int_distribution<int>::operator()<std::__2::mersenne_twister_engine<unsigned int, 32u, 624u, 397u, 31u, 2567483615u, 11u, 4294967295u, 7u, 2636928640u, 15u, 4022730752u, 18u, 1812433253u>>(std::__2::mersenne_twister_engine<unsigned int, 32u, 624u, 397u, 31u, 2567483615u, 11u, 4294967295u, 7u, 2636928640u, 15u, 4022730752u, 18u, 1812433253u>&)
    main.o(.ARM.exidx.text._Z4InitPaPsi) refers to main.o(.text._Z4InitPaPsi) for [Anonymous Symbol]
    main.o(.text._Z5CalcZPiPKaPKsi) refers to main.o(.data.g_Val1) for g_Val1
    main.o(.text._Z5CalcZPiPKaPKsi) refers to main.o(.data.g_Val2) for g_Val2
    main.o(.ARM.exidx.text._Z5CalcZPiPKaPKsi) refers to main.o(.text._Z5CalcZPiPKaPKsi) for [Anonymous Symbol]
    main.o(.text.main) refers to main.o(.text._Z4InitPaPsi) for Init(signed char*, short*, int)
    main.o(.text.main) refers to main.o(.text._Z5CalcZPiPKaPKsi) for CalcZ(int*, signed char const*, short const*, int)
    main.o(.text.main) refers to calc.o(.text) for CalcZ_
    main.o(.ARM.exidx.text.main) refers to main.o(.text.main) for [Anonymous Symbol]
    calc.o(.text) refers to main.o(.data.g_Val1) for g_Val1
    calc.o(.text) refers to main.o(.data.g_Val2) for g_Val2
    startup_stm32f411xe.o(STACK) refers (Special) to heapauxi.o(.text) for __use_two_region_memory
    startup_stm32f411xe.o(HEAP) refers (Special) to heapauxi.o(.text) for __use_two_region_memory
    startup_stm32f411xe.o(RESET) refers (Special) to heapauxi.o(.text) for __use_two_region_memory
    startup_stm32f411xe.o(RESET) refers to startup_stm32f411xe.o(STACK) for __initial_sp
    startup_stm32f411xe.o(RESET) refers to startup_stm32f411xe.o(.text) for Reset_Handler
    startup_stm32f411xe.o(.text) refers (Special) to heapauxi.o(.text) for __use_two_region_memory
    startup_stm32f411xe.o(.text) refers to system_stm32f4xx.o(.text.SystemInit) for SystemInit
    startup_stm32f411xe.o(.text) refers to __main.o(!!!main) for __main
    startup_stm32f411xe.o(.text) refers to startup_stm32f411xe.o(HEAP) for Heap_Mem
    startup_stm32f411xe.o(.text) refers to startup_stm32f411xe.o(STACK) for Stack_Mem
    system_stm32f4xx.o(.ARM.exidx.text.SystemInit) refers to system_stm32f4xx.o(.text.SystemInit) for [Anonymous Symbol]
    system_stm32f4xx.o(.text.SystemCoreClockUpdate) refers to system_stm32f4xx.o(.data.SystemCoreClock) for SystemCoreClock
    system_stm32f4xx.o(.text.SystemCoreClockUpdate) refers to system_stm32f4xx.o(.rodata.AHBPrescTable) for AHBPrescTable
    system_stm32f4xx.o(.ARM.exidx.text.SystemCoreClockUpdate) refers to system_stm32f4xx.o(.text.SystemCoreClockUpdate) for [Anonymous Symbol]
    __main.o(!!!main) refers to __rtentry.o(.ARM.Collect$$rtentry$$00000000) for __rt_entry
    __rtentry.o(.ARM.Collect$$rtentry$$00000000) refers (Special) to __rtentry2.o(.ARM.Collect$$rtentry$$0000000A) for __rt_entry_li
    __rtentry.o(.ARM.Collect$$rtentry$$00000000) refers (Special) to __rtentry2.o(.ARM.Collect$$rtentry$$0000000D) for __rt_entry_main
    __rtentry.o(.ARM.Collect$$rtentry$$00000000) refers (Special) to __rtentry2.o(.ARM.Collect$$rtentry$$0000000C) for __rt_entry_postli_1
    __rtentry.o(.ARM.Collect$$rtentry$$00000000) refers (Special) to __rtentry2.o(.ARM.Collect$$rtentry$$00000009) for __rt_entry_postsh_1
    __rtentry.o(.ARM.Collect$$rtentry$$00000000) refers (Special) to __rtentry2.o(.ARM.Collect$$rtentry$$00000002) for __rt_entry_presh_1
    __rtentry.o(.ARM.Collect$$rtentry$$00000000) refers (Special) to __rtentry4.o(.ARM.Collect$$rtentry$$00000004) for __rt_entry_sh
    __rtentry2.o(.ARM.Collect$$rtentry$$00000008) refers to boardinit2.o(.text) for _platform_post_stackheap_init
    __rtentry2.o(.ARM.Collect$$rtentry$$0000000A) refers to libinit.o(.ARM.Collect$$libinit$$00000000) for __rt_lib_init
    __rtentry2.o(.ARM.Collect$$rtentry$$0000000B) refers to boardinit3.o(.text) for _platform_post_lib_init
[...]
    libinit.o(.ARM.Collect$$libinit$$00000000) refers (Special) to libinit2.o(.ARM.Collect$$libinit$$00000027) for __rt_lib_init_stdio_1
    libinit.o(.ARM.Collect$$libinit$$00000000) refers (Special) to libinit2.o(.ARM.Collect$$libinit$$0000000E) for __rt_lib_init_user_alloc_1
    libspace.o(.text) refers to libspace.o(.bss) for __libspace_start
    rtexit.o(.ARM.Collect$$rtexit$$00000000) refers (Special) to rtexit2.o(.ARM.Collect$$rtexit$$00000004) for __rt_exit_exit
    rtexit.o(.ARM.Collect$$rtexit$$00000000) refers (Special) to rtexit2.o(.ARM.Collect$$rtexit$$00000003) for __rt_exit_ls
    rtexit.o(.ARM.Collect$$rtexit$$00000000) refers (Special) to rtexit2.o(.ARM.Collect$$rtexit$$00000002) for __rt_exit_prels_1
    rtexit.o(.ARM.exidx) refers (Special) to rtexit2.o(.ARM.Collect$$rtexit$$00000004) for __rt_exit_exit
    rtexit.o(.ARM.exidx) refers (Special) to rtexit2.o(.ARM.Collect$$rtexit$$00000003) for __rt_exit_ls
    rtexit.o(.ARM.exidx) refers (Special) to rtexit2.o(.ARM.Collect$$rtexit$$00000002) for __rt_exit_prels_1
    rtexit.o(.ARM.exidx) refers to rtexit.o(.ARM.Collect$$rtexit$$00000000) for .ARM.Collect$$rtexit$$00000000
    libinit2.o(.ARM.Collect$$libinit$$00000001) refers to fpinit.o(x$fpl$fpinit) for _fp_init
    libinit2.o(.ARM.Collect$$libinit$$00000012) refers to libinit2.o(.ARM.Collect$$libinit$$00000011) for .ARM.Collect$$libinit$$00000011
    libinit2.o(.ARM.Collect$$libinit$$00000014) refers to libinit2.o(.ARM.Collect$$libinit$$00000011) for .ARM.Collect$$libinit$$00000011
    libinit2.o(.ARM.Collect$$libinit$$00000016) refers to libinit2.o(.ARM.Collect$$libinit$$00000011) for .ARM.Collect$$libinit$$00000011
    libinit2.o(.ARM.Collect$$libinit$$00000018) refers to libinit2.o(.ARM.Collect$$libinit$$00000011) for .ARM.Collect$$libinit$$00000011
    libinit2.o(.ARM.Collect$$libinit$$0000001A) refers to libinit2.o(.ARM.Collect$$libinit$$00000011) for .ARM.Collect$$libinit$$00000011
    libinit2.o(.ARM.Collect$$libinit$$00000028) refers to argv_veneer.o(.emb_text) for __ARM_argv_veneer
    libinit2.o(.ARM.Collect$$libinit$$00000029) refers to argv_veneer.o(.emb_text) for __ARM_argv_veneer
    rtexit2.o(.ARM.Collect$$rtexit$$00000003) refers to libshutdown.o(.ARM.Collect$$libshutdown$$00000000) for __rt_lib_shutdown
    rtexit2.o(.ARM.Collect$$rtexit$$00000004) refers to sys_exit.o(.text) for _sys_exit
    rtexit2.o(.ARM.exidx) refers to rtexit2.o(.ARM.Collect$$rtexit$$00000001) for .ARM.Collect$$rtexit$$00000001
    rtexit2.o(.ARM.exidx) refers to rtexit2.o(.ARM.Collect$$rtexit$$00000003) for .ARM.Collect$$rtexit$$00000003
    rtexit2.o(.ARM.exidx) refers to rtexit2.o(.ARM.Collect$$rtexit$$00000004) for .ARM.Collect$$rtexit$$00000004
    argv_veneer.o(.emb_text) refers to no_argv.o(.text) for __ARM_get_argv
    sys_exit.o(.text) refers (Special) to use_no_semi.o(.text) for __I$use$semihosting
    sys_exit.o(.text) refers (Special) to indicate_semi.o(.text) for __semihosting_library_function
    sys_exit_hlt.o(.text) refers (Special) to use_no_semi.o(.text) for __I$use$semihosting
    sys_exit_hlt.o(.text) refers (Special) to indicate_semi.o(.text) for __semihosting_library_function
    _get_argv_nomalloc.o(.text) refers (Special) to hrguard.o(.text) for __heap_region$guard
    _get_argv_nomalloc.o(.text) refers to defsig_rtmem_outer.o(.text) for __rt_SIGRTMEM
    _get_argv_nomalloc.o(.text) refers to sys_command.o(.text) for _sys_command_string
    libshutdown.o(.ARM.Collect$$libshutdown$$00000000) refers (Special) to libshutdown2.o(.ARM.Collect$$libshutdown$$00000002) for __rt_lib_shutdown_cpp_1
    libshutdown.o(.ARM.Collect$$libshutdown$$00000000) refers (Special) to libshutdown2.o(.ARM.Collect$$libshutdown$$00000007) for __rt_lib_shutdown_fp_trap_1
    libshutdown.o(.ARM.Collect$$libshutdown$$00000000) refers (Special) to libshutdown2.o(.ARM.Collect$$libshutdown$$0000000F) for __rt_lib_shutdown_heap_1
    libshutdown.o(.ARM.Collect$$libshutdown$$00000000) refers (Special) to libshutdown2.o(.ARM.Collect$$libshutdown$$00000010) for __rt_lib_shutdown_return
    libshutdown.o(.ARM.Collect$$libshutdown$$00000000) refers (Special) to libshutdown2.o(.ARM.Collect$$libshutdown$$0000000A) for __rt_lib_shutdown_signal_1
    libshutdown.o(.ARM.Collect$$libshutdown$$00000000) refers (Special) to libshutdown2.o(.ARM.Collect$$libshutdown$$00000004) for __rt_lib_shutdown_stdio_1
    libshutdown.o(.ARM.Collect$$libshutdown$$00000000) refers (Special) to libshutdown2.o(.ARM.Collect$$libshutdown$$0000000C) for __rt_lib_shutdown_user_alloc_1
    sys_command.o(.text) refers (Special) to use_no_semi.o(.text) for __I$use$semihosting
    sys_command.o(.text) refers (Special) to indicate_semi.o(.text) for __semihosting_library_function
    sys_command_hlt.o(.text) refers (Special) to use_no_semi.o(.text) for __I$use$semihosting
    sys_command_hlt.o(.text) refers (Special) to indicate_semi.o(.text) for __semihosting_library_function
    defsig_rtmem_outer.o(.text) refers to defsig_rtmem_inner.o(.text) for __rt_SIGRTMEM_inner
    defsig_rtmem_outer.o(.text) refers to defsig_exit.o(.text) for __sig_exit
    defsig_rtmem_formal.o(.text) refers to rt_raise.o(.text) for __rt_raise
    rt_raise.o(.text) refers to __raise.o(.text) for __raise
    rt_raise.o(.text) refers to sys_exit.o(.text) for _sys_exit
    defsig_exit.o(.text) refers to sys_exit.o(.text) for _sys_exit
    defsig_rtmem_inner.o(.text) refers to defsig_general.o(.text) for __default_signal_display
    __raise.o(.text) refers to defsig.o(CL$$defsig) for __default_signal_handler
    defsig_general.o(.text) refers to sys_wrch.o(.text) for _ttywrch
    sys_wrch.o(.text) refers (Special) to use_no_semi.o(.text) for __I$use$semihosting
    sys_wrch.o(.text) refers (Special) to indicate_semi.o(.text) for __semihosting_library_function
    sys_wrch_hlt.o(.text) refers (Special) to use_no_semi.o(.text) for __I$use$semihosting
    sys_wrch_hlt.o(.text) refers (Special) to indicate_semi.o(.text) for __semihosting_library_function
    defsig.o(CL$$defsig) refers to defsig_rtmem_inner.o(.text) for __rt_SIGRTMEM_inner
    defsig_abrt_inner.o(.text) refers to defsig_general.o(.text) for __default_signal_display
    defsig_fpe_inner.o(.text) refers to defsig_general.o(.text) for __default_signal_display
    defsig_rtred_inner.o(.text) refers to defsig_general.o(.text) for __default_signal_display
    defsig_stak_inner.o(.text) refers to defsig_general.o(.text) for __default_signal_display
    defsig_pvfn_inner.o(.text) refers to defsig_general.o(.text) for __default_signal_display
    defsig_cppl_inner.o(.text) refers to defsig_general.o(.text) for __default_signal_display
    defsig_segv_inner.o(.text) refers to defsig_general.o(.text) for __default_signal_display
    defsig_other.o(.text) refers to defsig_general.o(.text) for __default_signal_display
    main.o(.text._ZNSt3__224uniform_int_distributionIiEC2Eii) refers to main.o(.text._ZNSt3__224uniform_int_distributionIiE10param_typeC2Eii) for std::__2::uniform_int_distribution<int>::param_type::param_type__sub_object(int, int)
    main.o(.ARM.exidx.text._ZNSt3__224uniform_int_distributionIiEC2Eii) refers to main.o(.text._ZNSt3__224uniform_int_distributionIiEC2Eii) for [Anonymous Symbol]
    main.o(.text._ZNSt3__223mersenne_twister_engineIjLj32ELj624ELj397ELj31ELj2567483615ELj11ELj4294967295ELj7ELj2636928640ELj15ELj4022730752ELj18ELj1812433253EEC2B6v16000Ej) refers to main.o(.text._ZNSt3__223mersenne_twister_engineIjLj32ELj624ELj397ELj31ELj2567483615ELj11ELj4294967295ELj7ELj2636928640ELj15ELj4022730752ELj18ELj1812433253EE4seedEj) for std::__2::mersenne_twister_engine<unsigned int, 32u, 624u, 397u, 31u, 2567483615u, 11u, 4294967295u, 7u, 2636928640u, 15u, 4022730752u, 18u, 1812433253u>::seed(unsigned int)
    main.o(.ARM.exidx.text._ZNSt3__223mersenne_twister_engineIjLj32ELj624ELj397ELj31ELj2567483615ELj11ELj4294967295ELj7ELj2636928640ELj15ELj4022730752ELj18ELj1812433253EEC2B6v16000Ej) refers to main.o(.text._ZNSt3__223mersenne_twister_engineIjLj32ELj624ELj397ELj31ELj2567483615ELj11ELj4294967295ELj7ELj2636928640ELj15ELj4022730752ELj18ELj1812433253EEC2B6v16000Ej) for [Anonymous Symbol]
    main.o(.text._ZNSt3__224uniform_int_distributionIiEclINS_23mersenne_twister_engineIjLj32ELj624ELj397ELj31ELj2567483615ELj11ELj4294967295ELj7ELj2636928640ELj15ELj4022730752ELj18ELj1812433253EEEEEiRT_) refers to main.o(.text._ZNSt3__224uniform_int_distributionIiEclINS_23mersenne_twister_engineIjLj32ELj624ELj397ELj31ELj2567483615ELj11ELj4294967295ELj7ELj2636928640ELj15ELj4022730752ELj18ELj1812433253EEEEEiRT_RKNS1_10param_typeE) for int std::__2::uniform_int_distribution<int>::operator()<std::__2::mersenne_twister_engine<unsigned int, 32u, 624u, 397u, 31u, 2567483615u, 11u, 4294967295u, 7u, 2636928640u, 15u, 4022730752u, 18u, 1812433253u>>(std::__2::mersenne_twister_engine<unsigned int, 32u, 624u, 397u, 31u, 2567483615u, 11u, 4294967295u, 7u, 2636928640u, 15u, 4022730752u, 18u, 1812433253u>&, std::__2::uniform_int_distribution<int>::param_type const&)
    main.o(.ARM.exidx.text._ZNSt3__224uniform_int_distributionIiEclINS_23mersenne_twister_engineIjLj32ELj624ELj397ELj31ELj2567483615ELj11ELj4294967295ELj7ELj2636928640ELj15ELj4022730752ELj18ELj1812433253EEEEEiRT_) refers to main.o(.text._ZNSt3__224uniform_int_distributionIiEclINS_23mersenne_twister_engineIjLj32ELj624ELj397ELj31ELj2567483615ELj11ELj4294967295ELj7ELj2636928640ELj15ELj4022730752ELj18ELj1812433253EEEEEiRT_) for [Anonymous Symbol]
    main.o(.ARM.exidx.text._ZNSt3__224uniform_int_distributionIiE10param_typeC2Eii) refers to main.o(.text._ZNSt3__224uniform_int_distributionIiE10param_typeC2Eii) for [Anonymous Symbol]
    main.o(.text._ZNSt3__223mersenne_twister_engineIjLj32ELj624ELj397ELj31ELj2567483615ELj11ELj4294967295ELj7ELj2636928640ELj15ELj4022730752ELj18ELj1812433253EE4seedEj) refers to main.o(.text._ZNSt3__223mersenne_twister_engineIjLj32ELj624ELj397ELj31ELj2567483615ELj11ELj4294967295ELj7ELj2636928640ELj15ELj4022730752ELj18ELj1812433253EE8__rshiftB6v16000ILj30EEENS_9enable_ifIXltT_L_ZNS1_3_DtEEEjE4typeEj) for std::__2::enable_if<30u < std::__2::mersenne_twister_engine<unsigned int, 32u, 624u, 397u, 31u, 2567483615u, 11u, 4294967295u, 7u, 2636928640u, 15u, 4022730752u, 18u, 1812433253u>::_Dt, unsigned int>::type std::__2::mersenne_twister_engine<unsigned int, 32u, 624u, 397u, 31u, 2567483615u, 11u, 4294967295u, 7u, 2636928640u, 15u, 4022730752u, 18u, 1812433253u>::__rshift[abi:v16000]<30u>(unsigned int)
    main.o(.ARM.exidx.text._ZNSt3__223mersenne_twister_engineIjLj32ELj624ELj397ELj31ELj2567483615ELj11ELj4294967295ELj7ELj2636928640ELj15ELj4022730752ELj18ELj1812433253EE4seedEj) refers to main.o(.text._ZNSt3__223mersenne_twister_engineIjLj32ELj624ELj397ELj31ELj2567483615ELj11ELj4294967295ELj7ELj2636928640ELj15ELj4022730752ELj18ELj1812433253EE4seedEj) for [Anonymous Symbol]
    main.o(.ARM.exidx.text._ZNSt3__223mersenne_twister_engineIjLj32ELj624ELj397ELj31ELj2567483615ELj11ELj4294967295ELj7ELj2636928640ELj15ELj4022730752ELj18ELj1812433253EE8__rshiftB6v16000ILj30EEENS_9enable_ifIXltT_L_ZNS1_3_DtEEEjE4typeEj) refers to main.o(.text._ZNSt3__223mersenne_twister_engineIjLj32ELj624ELj397ELj31ELj2567483615ELj11ELj4294967295ELj7ELj2636928640ELj15ELj4022730752ELj18ELj1812433253EE8__rshiftB6v16000ILj30EEENS_9enable_ifIXltT_L_ZNS1_3_DtEEEjE4typeEj) for [Anonymous Symbol]
    main.o(.text._ZNSt3__224uniform_int_distributionIiEclINS_23mersenne_twister_engineIjLj32ELj624ELj397ELj31ELj2567483615ELj11ELj4294967295ELj7ELj2636928640ELj15ELj4022730752ELj18ELj1812433253EEEEEiRT_RKNS1_10param_typeE) refers to main.o(.text._ZNKSt3__224uniform_int_distributionIiE10param_type1bEv) for std::__2::uniform_int_distribution<int>::param_type::b() const
    main.o(.text._ZNSt3__224uniform_int_distributionIiEclINS_23mersenne_twister_engineIjLj32ELj624ELj397ELj31ELj2567483615ELj11ELj4294967295ELj7ELj2636928640ELj15ELj4022730752ELj18ELj1812433253EEEEEiRT_RKNS1_10param_typeE) refers to main.o(.text._ZNKSt3__224uniform_int_distributionIiE10param_type1aEv) for std::__2::uniform_int_distribution<int>::param_type::a() const
    main.o(.text._ZNSt3__224uniform_int_distributionIiEclINS_23mersenne_twister_engineIjLj32ELj624ELj397ELj31ELj2567483615ELj11ELj4294967295ELj7ELj2636928640ELj15ELj4022730752ELj18ELj1812433253EEEEEiRT_RKNS1_10param_typeE) refers to main.o(.text._ZNSt3__225__independent_bits_engineINS_23mersenne_twister_engineIjLj32ELj624ELj397ELj31ELj2567483615ELj11ELj4294967295ELj7ELj2636928640ELj15ELj4022730752ELj18ELj1812433253EEEjEC2ERS2_j) for std::__2::__independent_bits_engine<std::__2::mersenne_twister_engine<unsigned int, 32u, 624u, 397u, 31u, 2567483615u, 11u, 4294967295u, 7u, 2636928640u, 15u, 4022730752u, 18u, 1812433253u>, unsigned int>::__independent_bits_engine__sub_object(std::__2::mersenne_twister_engine<unsigned int, 32u, 624u, 397u, 31u, 2567483615u, 11u, 4294967295u, 7u, 2636928640u, 15u, 4022730752u, 18u, 1812433253u>&, unsigned int)
    main.o(.text._ZNSt3__224uniform_int_distributionIiEclINS_23mersenne_twister_engineIjLj32ELj624ELj397ELj31ELj2567483615ELj11ELj4294967295ELj7ELj2636928640ELj15ELj4022730752ELj18ELj1812433253EEEEEiRT_RKNS1_10param_typeE) refers to main.o(.text._ZNSt3__225__independent_bits_engineINS_23mersenne_twister_engineIjLj32ELj624ELj397ELj31ELj2567483615ELj11ELj4294967295ELj7ELj2636928640ELj15ELj4022730752ELj18ELj1812433253EEEjEclEv) for std::__2::__independent_bits_engine<std::__2::mersenne_twister_engine<unsigned int, 32u, 624u, 397u, 31u, 2567483615u, 11u, 4294967295u, 7u, 2636928640u, 15u, 4022730752u, 18u, 1812433253u>, unsigned int>::operator()()
    main.o(.text._ZNSt3__224uniform_int_distributionIiEclINS_23mersenne_twister_engineIjLj32ELj624ELj397ELj31ELj2567483615ELj11ELj4294967295ELj7ELj2636928640ELj15ELj4022730752ELj18ELj1812433253EEEEEiRT_RKNS1_10param_typeE) refers to main.o(.text._ZNSt3__213__countl_zeroB6v16000IjEEiT_) for int std::__2::__countl_zero[abi:v16000]<unsigned int>(unsigned int)
    main.o(.text._ZNSt3__224uniform_int_distributionIiEclINS_23mersenne_twister_engineIjLj32ELj624ELj397ELj31ELj2567483615ELj11ELj4294967295ELj7ELj2636928640ELj15ELj4022730752ELj18ELj1812433253EEEEEiRT_RKNS1_10param_typeE) refers to main.o(.text._ZNSt3__214numeric_limitsIjE3maxB6v16000Ev) for std::__2::numeric_limits<unsigned int>::max[abi:v16000]()
    main.o(.ARM.exidx.text._ZNSt3__224uniform_int_distributionIiEclINS_23mersenne_twister_engineIjLj32ELj624ELj397ELj31ELj2567483615ELj11ELj4294967295ELj7ELj2636928640ELj15ELj4022730752ELj18ELj1812433253EEEEEiRT_RKNS1_10param_typeE) refers to main.o(.text._ZNSt3__224uniform_int_distributionIiEclINS_23mersenne_twister_engineIjLj32ELj624ELj397ELj31ELj2567483615ELj11ELj4294967295ELj7ELj2636928640ELj15ELj4022730752ELj18ELj1812433253EEEEEiRT_RKNS1_10param_typeE) for [Anonymous Symbol]
    main.o(.ARM.exidx.text._ZNKSt3__224uniform_int_distributionIiE10param_type1bEv) refers to main.o(.text._ZNKSt3__224uniform_int_distributionIiE10param_type1bEv) for [Anonymous Symbol]
    main.o(.ARM.exidx.text._ZNKSt3__224uniform_int_distributionIiE10param_type1aEv) refers to main.o(.text._ZNKSt3__224uniform_int_distributionIiE10param_type1aEv) for [Anonymous Symbol]
    main.o(.ARM.exidx.text._ZNSt3__225__independent_bits_engineINS_23mersenne_twister_engineIjLj32ELj624ELj397ELj31ELj2567483615ELj11ELj4294967295ELj7ELj2636928640ELj15ELj4022730752ELj18ELj1812433253EEEjEC2ERS2_j) refers to main.o(.text._ZNSt3__225__independent_bits_engineINS_23mersenne_twister_engineIjLj32ELj624ELj397ELj31ELj2567483615ELj11ELj4294967295ELj7ELj2636928640ELj15ELj4022730752ELj18ELj1812433253EEEjEC2ERS2_j) for [Anonymous Symbol]
    main.o(.text._ZNSt3__225__independent_bits_engineINS_23mersenne_twister_engineIjLj32ELj624ELj397ELj31ELj2567483615ELj11ELj4294967295ELj7ELj2636928640ELj15ELj4022730752ELj18ELj1812433253EEEjEclEv) refers to main.o(.text._ZNSt3__225__independent_bits_engineINS_23mersenne_twister_engineIjLj32ELj624ELj397ELj31ELj2567483615ELj11ELj4294967295ELj7ELj2636928640ELj15ELj4022730752ELj18ELj1812433253EEEjE6__evalENS_17integral_constantIbLb0EEE) for std::__2::__independent_bits_engine<std::__2::mersenne_twister_engine<unsigned int, 32u, 624u, 397u, 31u, 2567483615u, 11u, 4294967295u, 7u, 2636928640u, 15u, 4022730752u, 18u, 1812433253u>, unsigned int>::__eval(std::__2::integral_constant<bool, false>)
    main.o(.ARM.exidx.text._ZNSt3__225__independent_bits_engineINS_23mersenne_twister_engineIjLj32ELj624ELj397ELj31ELj2567483615ELj11ELj4294967295ELj7ELj2636928640ELj15ELj4022730752ELj18ELj1812433253EEEjEclEv) refers to main.o(.text._ZNSt3__225__independent_bits_engineINS_23mersenne_twister_engineIjLj32ELj624ELj397ELj31ELj2567483615ELj11ELj4294967295ELj7ELj2636928640ELj15ELj4022730752ELj18ELj1812433253EEEjEclEv) for [Anonymous Symbol]
    main.o(.text._ZNSt3__213__countl_zeroB6v16000IjEEiT_) refers to main.o(.text._ZNSt3__212__libcpp_clzB6v16000Ej) for std::__2::__libcpp_clz[abi:v16000](unsigned int)
    main.o(.ARM.exidx.text._ZNSt3__213__countl_zeroB6v16000IjEEiT_) refers to main.o(.text._ZNSt3__213__countl_zeroB6v16000IjEEiT_) for [Anonymous Symbol]
    main.o(.text._ZNSt3__214numeric_limitsIjE3maxB6v16000Ev) refers to main.o(.text._ZNSt3__223__libcpp_numeric_limitsIjLb1EE3maxB6v16000Ev) for std::__2::__libcpp_numeric_limits<unsigned int, true>::max[abi:v16000]()
    main.o(.ARM.exidx.text._ZNSt3__214numeric_limitsIjE3maxB6v16000Ev) refers to main.o(.text._ZNSt3__214numeric_limitsIjE3maxB6v16000Ev) for [Anonymous Symbol]
    main.o(.text._ZNSt3__225__independent_bits_engineINS_23mersenne_twister_engineIjLj32ELj624ELj397ELj31ELj2567483615ELj11ELj4294967295ELj7ELj2636928640ELj15ELj4022730752ELj18ELj1812433253EEEjE6__evalENS_17integral_constantIbLb0EEE) refers to main.o(.text._ZNSt3__223mersenne_twister_engineIjLj32ELj624ELj397ELj31ELj2567483615ELj11ELj4294967295ELj7ELj2636928640ELj15ELj4022730752ELj18ELj1812433253EEclEv) for std::__2::mersenne_twister_engine<unsigned int, 32u, 624u, 397u, 31u, 2567483615u, 11u, 4294967295u, 7u, 2636928640u, 15u, 4022730752u, 18u, 1812433253u>::operator()()
    main.o(.ARM.exidx.text._ZNSt3__225__independent_bits_engineINS_23mersenne_twister_engineIjLj32ELj624ELj397ELj31ELj2567483615ELj11ELj4294967295ELj7ELj2636928640ELj15ELj4022730752ELj18ELj1812433253EEEjE6__evalENS_17integral_constantIbLb0EEE) refers to main.o(.text._ZNSt3__225__independent_bits_engineINS_23mersenne_twister_engineIjLj32ELj624ELj397ELj31ELj2567483615ELj11ELj4294967295ELj7ELj2636928640ELj15ELj4022730752ELj18ELj1812433253EEEjE6__evalENS_17integral_constantIbLb0EEE) for [Anonymous Symbol]
    main.o(.text._ZNSt3__223mersenne_twister_engineIjLj32ELj624ELj397ELj31ELj2567483615ELj11ELj4294967295ELj7ELj2636928640ELj15ELj4022730752ELj18ELj1812433253EEclEv) refers to main.o(.text._ZNSt3__223mersenne_twister_engineIjLj32ELj624ELj397ELj31ELj2567483615ELj11ELj4294967295ELj7ELj2636928640ELj15ELj4022730752ELj18ELj1812433253EE8__rshiftB6v16000ILj1EEENS_9enable_ifIXltT_L_ZNS1_3_DtEEEjE4typeEj) for std::__2::enable_if<1u < std::__2::mersenne_twister_engine<unsigned int, 32u, 624u, 397u, 31u, 2567483615u, 11u, 4294967295u, 7u, 2636928640u, 15u, 4022730752u, 18u, 1812433253u>::_Dt, unsigned int>::type std::__2::mersenne_twister_engine<unsigned int, 32u, 624u, 397u, 31u, 2567483615u, 11u, 4294967295u, 7u, 2636928640u, 15u, 4022730752u, 18u, 1812433253u>::__rshift[abi:v16000]<1u>(unsigned int)
    main.o(.text._ZNSt3__223mersenne_twister_engineIjLj32ELj624ELj397ELj31ELj2567483615ELj11ELj4294967295ELj7ELj2636928640ELj15ELj4022730752ELj18ELj1812433253EEclEv) refers to main.o(.text._ZNSt3__223mersenne_twister_engineIjLj32ELj624ELj397ELj31ELj2567483615ELj11ELj4294967295ELj7ELj2636928640ELj15ELj4022730752ELj18ELj1812433253EE8__rshiftB6v16000ILj11EEENS_9enable_ifIXltT_L_ZNS1_3_DtEEEjE4typeEj) for std::__2::enable_if<11u < std::__2::mersenne_twister_engine<unsigned int, 32u, 624u, 397u, 31u, 2567483615u, 11u, 4294967295u, 7u, 2636928640u, 15u, 4022730752u, 18u, 1812433253u>::_Dt, unsigned int>::type std::__2::mersenne_twister_engine<unsigned int, 32u, 624u, 397u, 31u, 2567483615u, 11u, 4294967295u, 7u, 2636928640u, 15u, 4022730752u, 18u, 1812433253u>::__rshift[abi:v16000]<11u>(unsigned int)
    main.o(.text._ZNSt3__223mersenne_twister_engineIjLj32ELj624ELj397ELj31ELj2567483615ELj11ELj4294967295ELj7ELj2636928640ELj15ELj4022730752ELj18ELj1812433253EEclEv) refers to main.o(.text._ZNSt3__223mersenne_twister_engineIjLj32ELj624ELj397ELj31ELj2567483615ELj11ELj4294967295ELj7ELj2636928640ELj15ELj4022730752ELj18ELj1812433253EE8__lshiftB6v16000ILj7EEENS_9enable_ifIXltT_Lj32EEjE4typeEj) for std::__2::enable_if<7u < 32u, unsigned int>::type std::__2::mersenne_twister_engine<unsigned int, 32u, 624u, 397u, 31u, 2567483615u, 11u, 4294967295u, 7u, 2636928640u, 15u, 4022730752u, 18u, 1812433253u>::__lshift[abi:v16000]<7u>(unsigned int)
    main.o(.text._ZNSt3__223mersenne_twister_engineIjLj32ELj624ELj397ELj31ELj2567483615ELj11ELj4294967295ELj7ELj2636928640ELj15ELj4022730752ELj18ELj1812433253EEclEv) refers to main.o(.text._ZNSt3__223mersenne_twister_engineIjLj32ELj624ELj397ELj31ELj2567483615ELj11ELj4294967295ELj7ELj2636928640ELj15ELj4022730752ELj18ELj1812433253EE8__lshiftB6v16000ILj15EEENS_9enable_ifIXltT_Lj32EEjE4typeEj) for std::__2::enable_if<15u < 32u, unsigned int>::type std::__2::mersenne_twister_engine<unsigned int, 32u, 624u, 397u, 31u, 2567483615u, 11u, 4294967295u, 7u, 2636928640u, 15u, 4022730752u, 18u, 1812433253u>::__lshift[abi:v16000]<15u>(unsigned int)
    main.o(.text._ZNSt3__223mersenne_twister_engineIjLj32ELj624ELj397ELj31ELj2567483615ELj11ELj4294967295ELj7ELj2636928640ELj15ELj4022730752ELj18ELj1812433253EEclEv) refers to main.o(.text._ZNSt3__223mersenne_twister_engineIjLj32ELj624ELj397ELj31ELj2567483615ELj11ELj4294967295ELj7ELj2636928640ELj15ELj4022730752ELj18ELj1812433253EE8__rshiftB6v16000ILj18EEENS_9enable_ifIXltT_L_ZNS1_3_DtEEEjE4typeEj) for std::__2::enable_if<18u < std::__2::mersenne_twister_engine<unsigned int, 32u, 624u, 397u, 31u, 2567483615u, 11u, 4294967295u, 7u, 2636928640u, 15u, 4022730752u, 18u, 1812433253u>::_Dt, unsigned int>::type std::__2::mersenne_twister_engine<unsigned int, 32u, 624u, 397u, 31u, 2567483615u, 11u, 4294967295u, 7u, 2636928640u, 15u, 4022730752u, 18u, 1812433253u>::__rshift[abi:v16000]<18u>(unsigned int)
    main.o(.ARM.exidx.text._ZNSt3__223mersenne_twister_engineIjLj32ELj624ELj397ELj31ELj2567483615ELj11ELj4294967295ELj7ELj2636928640ELj15ELj4022730752ELj18ELj1812433253EEclEv) refers to main.o(.text._ZNSt3__223mersenne_twister_engineIjLj32ELj624ELj397ELj31ELj2567483615ELj11ELj4294967295ELj7ELj2636928640ELj15ELj4022730752ELj18ELj1812433253EEclEv) for [Anonymous Symbol]
    main.o(.ARM.exidx.text._ZNSt3__223mersenne_twister_engineIjLj32ELj624ELj397ELj31ELj2567483615ELj11ELj4294967295ELj7ELj2636928640ELj15ELj4022730752ELj18ELj1812433253EE8__rshiftB6v16000ILj1EEENS_9enable_ifIXltT_L_ZNS1_3_DtEEEjE4typeEj) refers to main.o(.text._ZNSt3__223mersenne_twister_engineIjLj32ELj624ELj397ELj31ELj2567483615ELj11ELj4294967295ELj7ELj2636928640ELj15ELj4022730752ELj18ELj1812433253EE8__rshiftB6v16000ILj1EEENS_9enable_ifIXltT_L_ZNS1_3_DtEEEjE4typeEj) for [Anonymous Symbol]
    main.o(.ARM.exidx.text._ZNSt3__223mersenne_twister_engineIjLj32ELj624ELj397ELj31ELj2567483615ELj11ELj4294967295ELj7ELj2636928640ELj15ELj4022730752ELj18ELj1812433253EE8__rshiftB6v16000ILj11EEENS_9enable_ifIXltT_L_ZNS1_3_DtEEEjE4typeEj) refers to main.o(.text._ZNSt3__223mersenne_twister_engineIjLj32ELj624ELj397ELj31ELj2567483615ELj11ELj4294967295ELj7ELj2636928640ELj15ELj4022730752ELj18ELj1812433253EE8__rshiftB6v16000ILj11EEENS_9enable_ifIXltT_L_ZNS1_3_DtEEEjE4typeEj) for [Anonymous Symbol]
    main.o(.ARM.exidx.text._ZNSt3__223mersenne_twister_engineIjLj32ELj624ELj397ELj31ELj2567483615ELj11ELj4294967295ELj7ELj2636928640ELj15ELj4022730752ELj18ELj1812433253EE8__lshiftB6v16000ILj7EEENS_9enable_ifIXltT_Lj32EEjE4typeEj) refers to main.o(.text._ZNSt3__223mersenne_twister_engineIjLj32ELj624ELj397ELj31ELj2567483615ELj11ELj4294967295ELj7ELj2636928640ELj15ELj4022730752ELj18ELj1812433253EE8__lshiftB6v16000ILj7EEENS_9enable_ifIXltT_Lj32EEjE4typeEj) for [Anonymous Symbol]
    main.o(.ARM.exidx.text._ZNSt3__223mersenne_twister_engineIjLj32ELj624ELj397ELj31ELj2567483615ELj11ELj4294967295ELj7ELj2636928640ELj15ELj4022730752ELj18ELj1812433253EE8__lshiftB6v16000ILj15EEENS_9enable_ifIXltT_Lj32EEjE4typeEj) refers to main.o(.text._ZNSt3__223mersenne_twister_engineIjLj32ELj624ELj397ELj31ELj2567483615ELj11ELj4294967295ELj7ELj2636928640ELj15ELj4022730752ELj18ELj1812433253EE8__lshiftB6v16000ILj15EEENS_9enable_ifIXltT_Lj32EEjE4typeEj) for [Anonymous Symbol]
    main.o(.ARM.exidx.text._ZNSt3__223mersenne_twister_engineIjLj32ELj624ELj397ELj31ELj2567483615ELj11ELj4294967295ELj7ELj2636928640ELj15ELj4022730752ELj18ELj1812433253EE8__rshiftB6v16000ILj18EEENS_9enable_ifIXltT_L_ZNS1_3_DtEEEjE4typeEj) refers to main.o(.text._ZNSt3__223mersenne_twister_engineIjLj32ELj624ELj397ELj31ELj2567483615ELj11ELj4294967295ELj7ELj2636928640ELj15ELj4022730752ELj18ELj1812433253EE8__rshiftB6v16000ILj18EEENS_9enable_ifIXltT_L_ZNS1_3_DtEEEjE4typeEj) for [Anonymous Symbol]
    main.o(.ARM.exidx.text._ZNSt3__212__libcpp_clzB6v16000Ej) refers to main.o(.text._ZNSt3__212__libcpp_clzB6v16000Ej) for [Anonymous Symbol]
    main.o(.ARM.exidx.text._ZNSt3__223__libcpp_numeric_limitsIjLb1EE3maxB6v16000Ev) refers to main.o(.text._ZNSt3__223__libcpp_numeric_limitsIjLb1EE3maxB6v16000Ev) for [Anonymous Symbol]


==============================================================================

Removing Unused input sections from the image.

    Removing main.o(.text), (0 bytes).
    Removing main.o(.ARM.exidx.text._Z4InitPaPsi), (8 bytes).
    Removing main.o(.ARM.exidx.text._Z5CalcZPiPKaPKsi), (8 bytes).
    Removing main.o(.ARM.exidx.text.main), (8 bytes).
    Removing main.o(.ARM.use_no_argv), (4 bytes).
    Removing system_stm32f4xx.o(.text), (0 bytes).
    Removing system_stm32f4xx.o(.ARM.exidx.text.SystemInit), (8 bytes).
    Removing system_stm32f4xx.o(.text.SystemCoreClockUpdate), (302 bytes).
    Removing system_stm32f4xx.o(.ARM.exidx.text.SystemCoreClockUpdate), (8 bytes).
    Removing system_stm32f4xx.o(.data.SystemCoreClock), (4 bytes).
    Removing system_stm32f4xx.o(.rodata.AHBPrescTable), (16 bytes).
    Removing system_stm32f4xx.o(.rodata.APBPrescTable), (8 bytes).
    Removing main.o(.ARM.exidx.text._ZNSt3__224uniform_int_distributionIiEC2Eii), (8 bytes).
    Removing main.o(.ARM.exidx.text._ZNSt3__223mersenne_twister_engineIjLj32ELj624ELj397ELj31ELj2567483615ELj11ELj4294967295ELj7ELj2636928640ELj15ELj4022730752ELj18ELj1812433253EEC2B6v16000Ej), (8 bytes).
    Removing main.o(.ARM.exidx.text._ZNSt3__224uniform_int_distributionIiEclINS_23mersenne_twister_engineIjLj32ELj624ELj397ELj31ELj2567483615ELj11ELj4294967295ELj7ELj2636928640ELj15ELj4022730752ELj18ELj1812433253EEEEEiRT_), (8 bytes).
    Removing main.o(.ARM.exidx.text._ZNSt3__224uniform_int_distributionIiE10param_typeC2Eii), (8 bytes).
    Removing main.o(.ARM.exidx.text._ZNSt3__223mersenne_twister_engineIjLj32ELj624ELj397ELj31ELj2567483615ELj11ELj4294967295ELj7ELj2636928640ELj15ELj4022730752ELj18ELj1812433253EE4seedEj), (8 bytes).
    Removing main.o(.ARM.exidx.text._ZNSt3__223mersenne_twister_engineIjLj32ELj624ELj397ELj31ELj2567483615ELj11ELj4294967295ELj7ELj2636928640ELj15ELj4022730752ELj18ELj1812433253EE8__rshiftB6v16000ILj30EEENS_9enable_ifIXltT_L_ZNS1_3_DtEEEjE4typeEj), (8 bytes).
    Removing main.o(.ARM.exidx.text._ZNSt3__224uniform_int_distributionIiEclINS_23mersenne_twister_engineIjLj32ELj624ELj397ELj31ELj2567483615ELj11ELj4294967295ELj7ELj2636928640ELj15ELj4022730752ELj18ELj1812433253EEEEEiRT_RKNS1_10param_typeE), (8 bytes).
    Removing main.o(.ARM.exidx.text._ZNKSt3__224uniform_int_distributionIiE10param_type1bEv), (8 bytes).
    Removing main.o(.ARM.exidx.text._ZNKSt3__224uniform_int_distributionIiE10param_type1aEv), (8 bytes).
    Removing main.o(.ARM.exidx.text._ZNSt3__225__independent_bits_engineINS_23mersenne_twister_engineIjLj32ELj624ELj397ELj31ELj2567483615ELj11ELj4294967295ELj7ELj2636928640ELj15ELj4022730752ELj18ELj1812433253EEEjEC2ERS2_j), (8 bytes).
    Removing main.o(.ARM.exidx.text._ZNSt3__225__independent_bits_engineINS_23mersenne_twister_engineIjLj32ELj624ELj397ELj31ELj2567483615ELj11ELj4294967295ELj7ELj2636928640ELj15ELj4022730752ELj18ELj1812433253EEEjEclEv), (8 bytes).
    Removing main.o(.ARM.exidx.text._ZNSt3__213__countl_zeroB6v16000IjEEiT_), (8 bytes).
    Removing main.o(.ARM.exidx.text._ZNSt3__214numeric_limitsIjE3maxB6v16000Ev), (8 bytes).
    Removing main.o(.ARM.exidx.text._ZNSt3__225__independent_bits_engineINS_23mersenne_twister_engineIjLj32ELj624ELj397ELj31ELj2567483615ELj11ELj4294967295ELj7ELj2636928640ELj15ELj4022730752ELj18ELj1812433253EEEjE6__evalENS_17integral_constantIbLb0EEE), (8 bytes).
    Removing main.o(.ARM.exidx.text._ZNSt3__223mersenne_twister_engineIjLj32ELj624ELj397ELj31ELj2567483615ELj11ELj4294967295ELj7ELj2636928640ELj15ELj4022730752ELj18ELj1812433253EEclEv), (8 bytes).
    Removing main.o(.ARM.exidx.text._ZNSt3__223mersenne_twister_engineIjLj32ELj624ELj397ELj31ELj2567483615ELj11ELj4294967295ELj7ELj2636928640ELj15ELj4022730752ELj18ELj1812433253EE8__rshiftB6v16000ILj1EEENS_9enable_ifIXltT_L_ZNS1_3_DtEEEjE4typeEj), (8 bytes).
    Removing main.o(.ARM.exidx.text._ZNSt3__223mersenne_twister_engineIjLj32ELj624ELj397ELj31ELj2567483615ELj11ELj4294967295ELj7ELj2636928640ELj15ELj4022730752ELj18ELj1812433253EE8__rshiftB6v16000ILj11EEENS_9enable_ifIXltT_L_ZNS1_3_DtEEEjE4typeEj), (8 bytes).
    Removing main.o(.ARM.exidx.text._ZNSt3__223mersenne_twister_engineIjLj32ELj624ELj397ELj31ELj2567483615ELj11ELj4294967295ELj7ELj2636928640ELj15ELj4022730752ELj18ELj1812433253EE8__lshiftB6v16000ILj7EEENS_9enable_ifIXltT_Lj32EEjE4typeEj), (8 bytes).
    Removing main.o(.ARM.exidx.text._ZNSt3__223mersenne_twister_engineIjLj32ELj624ELj397ELj31ELj2567483615ELj11ELj4294967295ELj7ELj2636928640ELj15ELj4022730752ELj18ELj1812433253EE8__lshiftB6v16000ILj15EEENS_9enable_ifIXltT_Lj32EEjE4typeEj), (8 bytes).
    Removing main.o(.ARM.exidx.text._ZNSt3__223mersenne_twister_engineIjLj32ELj624ELj397ELj31ELj2567483615ELj11ELj4294967295ELj7ELj2636928640ELj15ELj4022730752ELj18ELj1812433253EE8__rshiftB6v16000ILj18EEENS_9enable_ifIXltT_L_ZNS1_3_DtEEEjE4typeEj), (8 bytes).
    Removing main.o(.ARM.exidx.text._ZNSt3__212__libcpp_clzB6v16000Ej), (8 bytes).
    Removing main.o(.ARM.exidx.text._ZNSt3__223__libcpp_numeric_limitsIjLb1EE3maxB6v16000Ev), (8 bytes).

34 unused section(s) (total 550 bytes) removed from the image.

==============================================================================

Image Symbol Table

    Local Symbols

    Symbol Name                              Value     Ov Type        Size  Object(Section)

    ../clib/angel/boardlib.s                 0x00000000   Number         0  boardinit1.o ABSOLUTE
    ../clib/angel/boardlib.s                 0x00000000   Number         0  boardinit2.o ABSOLUTE
    ../clib/angel/boardlib.s                 0x00000000   Number         0  boardinit3.o ABSOLUTE
    ../clib/angel/boardlib.s                 0x00000000   Number         0  boardshut.o ABSOLUTE
    ../clib/angel/handlers.s                 0x00000000   Number         0  __scatter_copy.o ABSOLUTE
    ../clib/angel/handlers.s                 0x00000000   Number         0  __scatter_zi.o ABSOLUTE
    ../clib/angel/kernel.s                   0x00000000   Number         0  __rtentry.o ABSOLUTE
    ../clib/angel/kernel.s                   0x00000000   Number         0  __rtentry2.o ABSOLUTE
    ../clib/angel/kernel.s                   0x00000000   Number         0  __rtentry4.o ABSOLUTE
    ../clib/angel/kernel.s                   0x00000000   Number         0  rtexit.o ABSOLUTE
    ../clib/angel/kernel.s                   0x00000000   Number         0  rtexit2.o ABSOLUTE
    ../clib/angel/rt.s                       0x00000000   Number         0  rt_raise.o ABSOLUTE
    ../clib/angel/scatter.s                  0x00000000   Number         0  __scatter.o ABSOLUTE
    ../clib/angel/startup.s                  0x00000000   Number         0  __main.o ABSOLUTE
    ../clib/angel/sys.s                      0x00000000   Number         0  sys_stackheap_outer.o ABSOLUTE
    ../clib/angel/sys.s                      0x00000000   Number         0  libspace.o ABSOLUTE
    ../clib/angel/sys.s                      0x00000000   Number         0  use_no_semi.o ABSOLUTE
    ../clib/angel/sys.s                      0x00000000   Number         0  indicate_semi.o ABSOLUTE
    ../clib/angel/sysapp.c                   0x00000000   Number         0  sys_exit.o ABSOLUTE
    ../clib/angel/sysapp.c                   0x00000000   Number         0  sys_exit_hlt.o ABSOLUTE
    ../clib/angel/sysapp.c                   0x00000000   Number         0  sys_command.o ABSOLUTE
    ../clib/angel/sysapp.c                   0x00000000   Number         0  sys_command_hlt.o ABSOLUTE
    ../clib/angel/sysapp.c                   0x00000000   Number         0  sys_wrch.o ABSOLUTE
    ../clib/angel/sysapp.c                   0x00000000   Number         0  sys_wrch_hlt.o ABSOLUTE
    ../clib/armsys.c                         0x00000000   Number         0  argv_veneer.o ABSOLUTE
    ../clib/armsys.c                         0x00000000   Number         0  argv_veneer.o ABSOLUTE
    ../clib/armsys.c                         0x00000000   Number         0  _get_argv_nomalloc.o ABSOLUTE
    ../clib/armsys.c                         0x00000000   Number         0  no_argv.o ABSOLUTE
    ../clib/heapalloc.c                      0x00000000   Number         0  hrguard.o ABSOLUTE
    ../clib/heapaux.c                        0x00000000   Number         0  heapauxi.o ABSOLUTE
    ../clib/libinit.s                        0x00000000   Number         0  libinit.o ABSOLUTE
    ../clib/libinit.s                        0x00000000   Number         0  libinit2.o ABSOLUTE
    ../clib/libinit.s                        0x00000000   Number         0  libshutdown.o ABSOLUTE
    ../clib/libinit.s                        0x00000000   Number         0  libshutdown2.o ABSOLUTE
    ../clib/signal.c                         0x00000000   Number         0  defsig_rtmem_outer.o ABSOLUTE
    ../clib/signal.c                         0x00000000   Number         0  defsig_rtmem_formal.o ABSOLUTE
    ../clib/signal.c                         0x00000000   Number         0  defsig_exit.o ABSOLUTE
    ../clib/signal.c                         0x00000000   Number         0  defsig_rtmem_inner.o ABSOLUTE
    ../clib/signal.c                         0x00000000   Number         0  __raise.o ABSOLUTE
    ../clib/signal.c                         0x00000000   Number         0  defsig_general.o ABSOLUTE
    ../clib/signal.c                         0x00000000   Number         0  defsig_abrt_inner.o ABSOLUTE
    ../clib/signal.c                         0x00000000   Number         0  defsig_fpe_inner.o ABSOLUTE
    ../clib/signal.c                         0x00000000   Number         0  defsig_rtred_inner.o ABSOLUTE
    ../clib/signal.c                         0x00000000   Number         0  defsig_stak_inner.o ABSOLUTE
    ../clib/signal.c                         0x00000000   Number         0  defsig_pvfn_inner.o ABSOLUTE
    ../clib/signal.c                         0x00000000   Number         0  defsig_cppl_inner.o ABSOLUTE
    ../clib/signal.c                         0x00000000   Number         0  defsig_segv_inner.o ABSOLUTE
    ../clib/signal.c                         0x00000000   Number         0  defsig_other.o ABSOLUTE
    ../clib/signal.s                         0x00000000   Number         0  defsig.o ABSOLUTE
    ../clib/stdlib.c                         0x00000000   Number         0  exit.o ABSOLUTE
    ../fplib/fpinit.s                        0x00000000   Number         0  fpinit.o ABSOLUTE
    RTE/Device/STM32F411VETx/startup_stm32f411xe.s 0x00000000   Number         0  startup_stm32f411xe.o ABSOLUTE
    dc.s                                     0x00000000   Number         0  dc.o ABSOLUTE
    main.cpp                                 0x00000000   Number         0  main.o ABSOLUTE
    system_stm32f4xx.c                       0x00000000   Number         0  system_stm32f4xx.o ABSOLUTE
    RESET                                    0x08000000   Section      408  startup_stm32f411xe.o(RESET)
    !!!main                                  0x08000198   Section        8  __main.o(!!!main)
    !!!scatter                               0x080001a0   Section       52  __scatter.o(!!!scatter)
    !!handler_copy                           0x080001d4   Section       26  __scatter_copy.o(!!handler_copy)
    !!handler_zi                             0x080001f0   Section       28  __scatter_zi.o(!!handler_zi)
    .ARM.Collect$$libinit$$00000000          0x0800020c   Section        2  libinit.o(.ARM.Collect$$libinit$$00000000)
    .ARM.Collect$$libinit$$00000001          0x0800020e   Section        4  libinit2.o(.ARM.Collect$$libinit$$00000001)
    .ARM.Collect$$libinit$$00000004          0x08000212   Section        0  libinit2.o(.ARM.Collect$$libinit$$00000004)
    .ARM.Collect$$libinit$$00000006          0x08000212   Section        0  libinit2.o(.ARM.Collect$$libinit$$00000006)
    .ARM.Collect$$libinit$$0000000C          0x08000212   Section        0  libinit2.o(.ARM.Collect$$libinit$$0000000C)
    .ARM.Collect$$libinit$$0000000E          0x08000212   Section        0  libinit2.o(.ARM.Collect$$libinit$$0000000E)
    .ARM.Collect$$libinit$$00000010          0x08000212   Section        0  libinit2.o(.ARM.Collect$$libinit$$00000010)
    .ARM.Collect$$libinit$$00000013          0x08000212   Section        0  libinit2.o(.ARM.Collect$$libinit$$00000013)
    .ARM.Collect$$libinit$$00000015          0x08000212   Section        0  libinit2.o(.ARM.Collect$$libinit$$00000015)
    .ARM.Collect$$libinit$$00000017          0x08000212   Section        0  libinit2.o(.ARM.Collect$$libinit$$00000017)
    .ARM.Collect$$libinit$$00000019          0x08000212   Section        0  libinit2.o(.ARM.Collect$$libinit$$00000019)
    .ARM.Collect$$libinit$$0000001B          0x08000212   Section        0  libinit2.o(.ARM.Collect$$libinit$$0000001B)
    .ARM.Collect$$libinit$$0000001D          0x08000212   Section        0  libinit2.o(.ARM.Collect$$libinit$$0000001D)
    .ARM.Collect$$libinit$$0000001F          0x08000212   Section        0  libinit2.o(.ARM.Collect$$libinit$$0000001F)
    .ARM.Collect$$libinit$$00000021          0x08000212   Section        0  libinit2.o(.ARM.Collect$$libinit$$00000021)
    .ARM.Collect$$libinit$$00000023          0x08000212   Section        0  libinit2.o(.ARM.Collect$$libinit$$00000023)
    .ARM.Collect$$libinit$$00000025          0x08000212   Section        0  libinit2.o(.ARM.Collect$$libinit$$00000025)
    .ARM.Collect$$libinit$$00000027          0x08000212   Section        0  libinit2.o(.ARM.Collect$$libinit$$00000027)
    .ARM.Collect$$libinit$$0000002E          0x08000212   Section        0  libinit2.o(.ARM.Collect$$libinit$$0000002E)
    .ARM.Collect$$libinit$$00000030          0x08000212   Section        0  libinit2.o(.ARM.Collect$$libinit$$00000030)
    .ARM.Collect$$libinit$$00000032          0x08000212   Section        0  libinit2.o(.ARM.Collect$$libinit$$00000032)
    .ARM.Collect$$libinit$$00000034          0x08000212   Section        0  libinit2.o(.ARM.Collect$$libinit$$00000034)
    .ARM.Collect$$libinit$$00000035          0x08000212   Section        2  libinit2.o(.ARM.Collect$$libinit$$00000035)
    .ARM.Collect$$libshutdown$$00000000      0x08000214   Section        2  libshutdown.o(.ARM.Collect$$libshutdown$$00000000)
    .ARM.Collect$$libshutdown$$00000002      0x08000216   Section        0  libshutdown2.o(.ARM.Collect$$libshutdown$$00000002)
    .ARM.Collect$$libshutdown$$00000004      0x08000216   Section        0  libshutdown2.o(.ARM.Collect$$libshutdown$$00000004)
    .ARM.Collect$$libshutdown$$00000007      0x08000216   Section        0  libshutdown2.o(.ARM.Collect$$libshutdown$$00000007)
    .ARM.Collect$$libshutdown$$0000000A      0x08000216   Section        0  libshutdown2.o(.ARM.Collect$$libshutdown$$0000000A)
    .ARM.Collect$$libshutdown$$0000000C      0x08000216   Section        0  libshutdown2.o(.ARM.Collect$$libshutdown$$0000000C)
    .ARM.Collect$$libshutdown$$0000000F      0x08000216   Section        0  libshutdown2.o(.ARM.Collect$$libshutdown$$0000000F)
    .ARM.Collect$$libshutdown$$00000010      0x08000216   Section        2  libshutdown2.o(.ARM.Collect$$libshutdown$$00000010)
    .ARM.Collect$$rtentry$$00000000          0x08000218   Section        0  __rtentry.o(.ARM.Collect$$rtentry$$00000000)
    .ARM.Collect$$rtentry$$00000002          0x08000218   Section        0  __rtentry2.o(.ARM.Collect$$rtentry$$00000002)
    .ARM.Collect$$rtentry$$00000004          0x08000218   Section        6  __rtentry4.o(.ARM.Collect$$rtentry$$00000004)
    .ARM.Collect$$rtentry$$00000009          0x0800021e   Section        0  __rtentry2.o(.ARM.Collect$$rtentry$$00000009)
    .ARM.Collect$$rtentry$$0000000A          0x0800021e   Section        4  __rtentry2.o(.ARM.Collect$$rtentry$$0000000A)
    .ARM.Collect$$rtentry$$0000000C          0x08000222   Section        0  __rtentry2.o(.ARM.Collect$$rtentry$$0000000C)
    .ARM.Collect$$rtentry$$0000000D          0x08000222   Section        8  __rtentry2.o(.ARM.Collect$$rtentry$$0000000D)
    .ARM.Collect$$rtexit$$00000000           0x0800022a   Section        2  rtexit.o(.ARM.Collect$$rtexit$$00000000)
    .ARM.Collect$$rtexit$$00000002           0x0800022c   Section        0  rtexit2.o(.ARM.Collect$$rtexit$$00000002)
    .ARM.Collect$$rtexit$$00000003           0x0800022c   Section        4  rtexit2.o(.ARM.Collect$$rtexit$$00000003)
    .ARM.Collect$$rtexit$$00000004           0x08000230   Section        6  rtexit2.o(.ARM.Collect$$rtexit$$00000004)
    [Anonymous Symbol]                       0x08000238   Section        0  calc.o(.text)
    Loop1                                    0x0800024c   Number         0  calc.o(.text)
    Done                                     0x0800026c   Number         0  calc.o(.text)
    $v0                                      0x0800027c   Number         0  startup_stm32f411xe.o(.text)
    .text                                    0x0800027c   Section       64  startup_stm32f411xe.o(.text)
    .text                                    0x080002bc   Section        0  heapauxi.o(.text)
    .text                                    0x080002c2   Section       74  sys_stackheap_outer.o(.text)
    .text                                    0x0800030c   Section        0  exit.o(.text)
    .text                                    0x08000320   Section        8  libspace.o(.text)
    .text                                    0x08000328   Section        0  sys_exit.o(.text)
    .text                                    0x08000334   Section        2  use_no_semi.o(.text)
    .text                                    0x08000336   Section        0  indicate_semi.o(.text)
    [Anonymous Symbol]                       0x08000338   Section        0  system_stm32f4xx.o(.text.SystemInit)
    [Anonymous Symbol]                       0x0800034c   Section        0  main.o(.text._Z4InitPaPsi)
    [Anonymous Symbol]                       0x080003cc   Section        0  main.o(.text._Z5CalcZPiPKaPKsi)
    [Anonymous Symbol]                       0x08000448   Section        0  main.o(.text._ZNKSt3__224uniform_int_distributionIiE10param_type1aEv)
    [Anonymous Symbol]                       0x08000454   Section        0  main.o(.text._ZNKSt3__224uniform_int_distributionIiE10param_type1bEv)
    [Anonymous Symbol]                       0x08000460   Section        0  main.o(.text._ZNSt3__212__libcpp_clzB6v16000Ej)
    [Anonymous Symbol]                       0x08000470   Section        0  main.o(.text._ZNSt3__213__countl_zeroB6v16000IjEEiT_)
    [Anonymous Symbol]                       0x08000494   Section        0  main.o(.text._ZNSt3__214numeric_limitsIjE3maxB6v16000Ev)
    [Anonymous Symbol]                       0x0800049c   Section        0  main.o(.text._ZNSt3__223__libcpp_numeric_limitsIjLb1EE3maxB6v16000Ev)
    [Anonymous Symbol]                       0x080004a4   Section        0  main.o(.text._ZNSt3__223mersenne_twister_engineIjLj32ELj624ELj397ELj31ELj2567483615ELj11ELj4294967295ELj7ELj2636928640ELj15ELj4022730752ELj18ELj1812433253EE4seedEj)
    [Anonymous Symbol]                       0x08000508   Section        0  main.o(.text._ZNSt3__223mersenne_twister_engineIjLj32ELj624ELj397ELj31ELj2567483615ELj11ELj4294967295ELj7ELj2636928640ELj15ELj4022730752ELj18ELj1812433253EE8__lshiftB6v16000ILj15EEENS_9enable_ifIXltT_Lj32EEjE4typeEj)
    [Anonymous Symbol]                       0x08000514   Section        0  main.o(.text._ZNSt3__223mersenne_twister_engineIjLj32ELj624ELj397ELj31ELj2567483615ELj11ELj4294967295ELj7ELj2636928640ELj15ELj4022730752ELj18ELj1812433253EE8__lshiftB6v16000ILj7EEENS_9enable_ifIXltT_Lj32EEjE4typeEj)
    [Anonymous Symbol]                       0x08000520   Section        0  main.o(.text._ZNSt3__223mersenne_twister_engineIjLj32ELj624ELj397ELj31ELj2567483615ELj11ELj4294967295ELj7ELj2636928640ELj15ELj4022730752ELj18ELj1812433253EE8__rshiftB6v16000ILj11EEENS_9enable_ifIXltT_L_ZNS1_3_DtEEEjE4typeEj)
    [Anonymous Symbol]                       0x0800052c   Section        0  main.o(.text._ZNSt3__223mersenne_twister_engineIjLj32ELj624ELj397ELj31ELj2567483615ELj11ELj4294967295ELj7ELj2636928640ELj15ELj4022730752ELj18ELj1812433253EE8__rshiftB6v16000ILj18EEENS_9enable_ifIXltT_L_ZNS1_3_DtEEEjE4typeEj)
    [Anonymous Symbol]                       0x08000538   Section        0  main.o(.text._ZNSt3__223mersenne_twister_engineIjLj32ELj624ELj397ELj31ELj2567483615ELj11ELj4294967295ELj7ELj2636928640ELj15ELj4022730752ELj18ELj1812433253EE8__rshiftB6v16000ILj1EEENS_9enable_ifIXltT_L_ZNS1_3_DtEEEjE4typeEj)
    [Anonymous Symbol]                       0x08000544   Section        0  main.o(.text._ZNSt3__223mersenne_twister_engineIjLj32ELj624ELj397ELj31ELj2567483615ELj11ELj4294967295ELj7ELj2636928640ELj15ELj4022730752ELj18ELj1812433253EE8__rshiftB6v16000ILj30EEENS_9enable_ifIXltT_L_ZNS1_3_DtEEEjE4typeEj)
    [Anonymous Symbol]                       0x08000550   Section        0  main.o(.text._ZNSt3__223mersenne_twister_engineIjLj32ELj624ELj397ELj31ELj2567483615ELj11ELj4294967295ELj7ELj2636928640ELj15ELj4022730752ELj18ELj1812433253EEC2B6v16000Ej)
    [Anonymous Symbol]                       0x08000568   Section        0  main.o(.text._ZNSt3__223mersenne_twister_engineIjLj32ELj624ELj397ELj31ELj2567483615ELj11ELj4294967295ELj7ELj2636928640ELj15ELj4022730752ELj18ELj1812433253EEclEv)
    [Anonymous Symbol]                       0x0800064c   Section        0  main.o(.text._ZNSt3__224uniform_int_distributionIiE10param_typeC2Eii)
    [Anonymous Symbol]                       0x08000664   Section        0  main.o(.text._ZNSt3__224uniform_int_distributionIiEC2Eii)
    [Anonymous Symbol]                       0x08000680   Section        0  main.o(.text._ZNSt3__224uniform_int_distributionIiEclINS_23mersenne_twister_engineIjLj32ELj624ELj397ELj31ELj2567483615ELj11ELj4294967295ELj7ELj2636928640ELj15ELj4022730752ELj18ELj1812433253EEEEEiRT_)
    [Anonymous Symbol]                       0x08000698   Section        0  main.o(.text._ZNSt3__224uniform_int_distributionIiEclINS_23mersenne_twister_engineIjLj32ELj624ELj397ELj31ELj2567483615ELj11ELj4294967295ELj7ELj2636928640ELj15ELj4022730752ELj18ELj1812433253EEEEEiRT_RKNS1_10param_typeE)
    [Anonymous Symbol]                       0x08000754   Section        0  main.o(.text._ZNSt3__225__independent_bits_engineINS_23mersenne_twister_engineIjLj32ELj624ELj397ELj31ELj2567483615ELj11ELj4294967295ELj7ELj2636928640ELj15ELj4022730752ELj18ELj1812433253EEEjE6__evalENS_17integral_constantIbLb0EEE)
    [Anonymous Symbol]                       0x08000770   Section        0  main.o(.text._ZNSt3__225__independent_bits_engineINS_23mersenne_twister_engineIjLj32ELj624ELj397ELj31ELj2567483615ELj11ELj4294967295ELj7ELj2636928640ELj15ELj4022730752ELj18ELj1812433253EEEjEC2ERS2_j)
    [Anonymous Symbol]                       0x08000864   Section        0  main.o(.text._ZNSt3__225__independent_bits_engineINS_23mersenne_twister_engineIjLj32ELj624ELj397ELj31ELj2567483615ELj11ELj4294967295ELj7ELj2636928640ELj15ELj4022730752ELj18ELj1812433253EEEjEclEv)
    [Anonymous Symbol]                       0x08000874   Section        0  main.o(.text.main)
    $v0                                      0x080008b4   Number         0  fpinit.o(x$fpl$fpinit)
    x$fpl$fpinit                             0x080008b4   Section       26  fpinit.o(x$fpl$fpinit)
    .bss                                     0x20000008   Section       96  libspace.o(.bss)
    Heap_Mem                                 0x20000068   Data         512  startup_stm32f411xe.o(HEAP)
    HEAP                                     0x20000068   Section      512  startup_stm32f411xe.o(HEAP)
    Stack_Mem                                0x20000268   Data        1024  startup_stm32f411xe.o(STACK)
    STACK                                    0x20000268   Section     1024  startup_stm32f411xe.o(STACK)
    __initial_sp                             0x20000668   Data           0  startup_stm32f411xe.o(STACK)

    Global Symbols

    Symbol Name                              Value     Ov Type        Size  Object(Section)

    BuildAttributes$$THM_ISAv4$E$P$D$K$B$S$7EM$VFPi3$EXTD16$VFPS$VFMA$PE$A:L22UL41UL21$X:L11$S22US41US21$IEEE1$IW$~IW$USESV6$~STKCKD$USESV7$~SHL$OSPACE$ROPI$EBA8$UX$STANDARDLIB$REQ8$EABIv2 0x00000000   Number         0  anon$$obj.o ABSOLUTE
    __ARM_exceptions_init                     - Undefined Weak Reference
    __alloca_initialize                       - Undefined Weak Reference
    __arm_preinit_                            - Undefined Weak Reference
    __arm_relocate_pie_                       - Undefined Weak Reference
    __cpp_initialize__aeabi_                  - Undefined Weak Reference
    __cxa_finalize                            - Undefined Weak Reference
    __rt_locale                               - Undefined Weak Reference
    __sigvec_lookup                           - Undefined Weak Reference
    _atexit_init                              - Undefined Weak Reference
    _call_atexit_fns                          - Undefined Weak Reference
    _clock_init                               - Undefined Weak Reference
    _fp_trap_init                             - Undefined Weak Reference
    _fp_trap_shutdown                         - Undefined Weak Reference
    _get_lc_collate                           - Undefined Weak Reference
    _get_lc_ctype                             - Undefined Weak Reference
    _get_lc_monetary                          - Undefined Weak Reference
    _get_lc_numeric                           - Undefined Weak Reference
    _get_lc_time                              - Undefined Weak Reference
    _getenv_init                              - Undefined Weak Reference
    _handle_redirection                       - Undefined Weak Reference
    _init_alloc                               - Undefined Weak Reference
    _init_user_alloc                          - Undefined Weak Reference
    _initio                                   - Undefined Weak Reference
    _rand_init                                - Undefined Weak Reference
    _signal_finish                            - Undefined Weak Reference
    _signal_init                              - Undefined Weak Reference
    _terminate_alloc                          - Undefined Weak Reference
    _terminate_user_alloc                     - Undefined Weak Reference
    _terminateio                              - Undefined Weak Reference
    __Vectors_Size                           0x00000198   Number         0  startup_stm32f411xe.o ABSOLUTE
    __Vectors                                0x08000000   Data           4  startup_stm32f411xe.o(RESET)
    __Vectors_End                            0x08000198   Data           0  startup_stm32f411xe.o(RESET)
    __main                                   0x08000199   Thumb Code     8  __main.o(!!!main)
    __scatterload                            0x080001a1   Thumb Code     0  __scatter.o(!!!scatter)
    __scatterload_rt2                        0x080001a1   Thumb Code    44  __scatter.o(!!!scatter)
    __scatterload_rt2_thumb_only             0x080001a1   Thumb Code     0  __scatter.o(!!!scatter)
    __scatterload_null                       0x080001af   Thumb Code     0  __scatter.o(!!!scatter)
    __scatterload_copy                       0x080001d5   Thumb Code    26  __scatter_copy.o(!!handler_copy)
    __scatterload_zeroinit                   0x080001f1   Thumb Code    28  __scatter_zi.o(!!handler_zi)
    __rt_lib_init                            0x0800020d   Thumb Code     0  libinit.o(.ARM.Collect$$libinit$$00000000)
    __rt_lib_init_fp_1                       0x0800020f   Thumb Code     0  libinit2.o(.ARM.Collect$$libinit$$00000001)
    __rt_lib_init_alloca_1                   0x08000213   Thumb Code     0  libinit2.o(.ARM.Collect$$libinit$$00000030)
    __rt_lib_init_argv_1                     0x08000213   Thumb Code     0  libinit2.o(.ARM.Collect$$libinit$$0000002E)
    __rt_lib_init_atexit_1                   0x08000213   Thumb Code     0  libinit2.o(.ARM.Collect$$libinit$$0000001D)
    __rt_lib_init_clock_1                    0x08000213   Thumb Code     0  libinit2.o(.ARM.Collect$$libinit$$00000023)
    __rt_lib_init_cpp_1                      0x08000213   Thumb Code     0  libinit2.o(.ARM.Collect$$libinit$$00000034)
    __rt_lib_init_exceptions_1               0x08000213   Thumb Code     0  libinit2.o(.ARM.Collect$$libinit$$00000032)
    __rt_lib_init_fp_trap_1                  0x08000213   Thumb Code     0  libinit2.o(.ARM.Collect$$libinit$$00000021)
    __rt_lib_init_getenv_1                   0x08000213   Thumb Code     0  libinit2.o(.ARM.Collect$$libinit$$00000025)
    __rt_lib_init_heap_1                     0x08000213   Thumb Code     0  libinit2.o(.ARM.Collect$$libinit$$0000000C)
    __rt_lib_init_lc_collate_1               0x08000213   Thumb Code     0  libinit2.o(.ARM.Collect$$libinit$$00000013)
    __rt_lib_init_lc_ctype_1                 0x08000213   Thumb Code     0  libinit2.o(.ARM.Collect$$libinit$$00000015)
    __rt_lib_init_lc_monetary_1              0x08000213   Thumb Code     0  libinit2.o(.ARM.Collect$$libinit$$00000017)
    __rt_lib_init_lc_numeric_1               0x08000213   Thumb Code     0  libinit2.o(.ARM.Collect$$libinit$$00000019)
    __rt_lib_init_lc_time_1                  0x08000213   Thumb Code     0  libinit2.o(.ARM.Collect$$libinit$$0000001B)
    __rt_lib_init_preinit_1                  0x08000213   Thumb Code     0  libinit2.o(.ARM.Collect$$libinit$$00000006)
    __rt_lib_init_rand_1                     0x08000213   Thumb Code     0  libinit2.o(.ARM.Collect$$libinit$$00000010)
    __rt_lib_init_relocate_pie_1             0x08000213   Thumb Code     0  libinit2.o(.ARM.Collect$$libinit$$00000004)
    __rt_lib_init_return                     0x08000213   Thumb Code     0  libinit2.o(.ARM.Collect$$libinit$$00000035)
    __rt_lib_init_signal_1                   0x08000213   Thumb Code     0  libinit2.o(.ARM.Collect$$libinit$$0000001F)
    __rt_lib_init_stdio_1                    0x08000213   Thumb Code     0  libinit2.o(.ARM.Collect$$libinit$$00000027)
    __rt_lib_init_user_alloc_1               0x08000213   Thumb Code     0  libinit2.o(.ARM.Collect$$libinit$$0000000E)
    __rt_lib_shutdown                        0x08000215   Thumb Code     0  libshutdown.o(.ARM.Collect$$libshutdown$$00000000)
    __rt_lib_shutdown_cpp_1                  0x08000217   Thumb Code     0  libshutdown2.o(.ARM.Collect$$libshutdown$$00000002)
    __rt_lib_shutdown_fp_trap_1              0x08000217   Thumb Code     0  libshutdown2.o(.ARM.Collect$$libshutdown$$00000007)
    __rt_lib_shutdown_heap_1                 0x08000217   Thumb Code     0  libshutdown2.o(.ARM.Collect$$libshutdown$$0000000F)
    __rt_lib_shutdown_return                 0x08000217   Thumb Code     0  libshutdown2.o(.ARM.Collect$$libshutdown$$00000010)
    __rt_lib_shutdown_signal_1               0x08000217   Thumb Code     0  libshutdown2.o(.ARM.Collect$$libshutdown$$0000000A)
    __rt_lib_shutdown_stdio_1                0x08000217   Thumb Code     0  libshutdown2.o(.ARM.Collect$$libshutdown$$00000004)
    __rt_lib_shutdown_user_alloc_1           0x08000217   Thumb Code     0  libshutdown2.o(.ARM.Collect$$libshutdown$$0000000C)
    __rt_entry                               0x08000219   Thumb Code     0  __rtentry.o(.ARM.Collect$$rtentry$$00000000)
    __rt_entry_presh_1                       0x08000219   Thumb Code     0  __rtentry2.o(.ARM.Collect$$rtentry$$00000002)
    __rt_entry_sh                            0x08000219   Thumb Code     0  __rtentry4.o(.ARM.Collect$$rtentry$$00000004)
    __rt_entry_li                            0x0800021f   Thumb Code     0  __rtentry2.o(.ARM.Collect$$rtentry$$0000000A)
    __rt_entry_postsh_1                      0x0800021f   Thumb Code     0  __rtentry2.o(.ARM.Collect$$rtentry$$00000009)
    __rt_entry_main                          0x08000223   Thumb Code     0  __rtentry2.o(.ARM.Collect$$rtentry$$0000000D)
    __rt_entry_postli_1                      0x08000223   Thumb Code     0  __rtentry2.o(.ARM.Collect$$rtentry$$0000000C)
    __rt_exit                                0x0800022b   Thumb Code     0  rtexit.o(.ARM.Collect$$rtexit$$00000000)
    __rt_exit_ls                             0x0800022d   Thumb Code     0  rtexit2.o(.ARM.Collect$$rtexit$$00000003)
    __rt_exit_prels_1                        0x0800022d   Thumb Code     0  rtexit2.o(.ARM.Collect$$rtexit$$00000002)
    __rt_exit_exit                           0x08000231   Thumb Code     0  rtexit2.o(.ARM.Collect$$rtexit$$00000004)
    CalcZ_                                   0x08000238   Number         0  calc.o(.text)
    Reset_Handler                            0x0800027d   Thumb Code     8  startup_stm32f411xe.o(.text)
    NMI_Handler                              0x08000285   Thumb Code     2  startup_stm32f411xe.o(.text)
    HardFault_Handler                        0x08000287   Thumb Code     2  startup_stm32f411xe.o(.text)
    MemManage_Handler                        0x08000289   Thumb Code     2  startup_stm32f411xe.o(.text)
    BusFault_Handler                         0x0800028b   Thumb Code     2  startup_stm32f411xe.o(.text)
    UsageFault_Handler                       0x0800028d   Thumb Code     2  startup_stm32f411xe.o(.text)
    SVC_Handler                              0x0800028f   Thumb Code     2  startup_stm32f411xe.o(.text)
    DebugMon_Handler                         0x08000291   Thumb Code     2  startup_stm32f411xe.o(.text)
    PendSV_Handler                           0x08000293   Thumb Code     2  startup_stm32f411xe.o(.text)
    SysTick_Handler                          0x08000295   Thumb Code     2  startup_stm32f411xe.o(.text)
    ADC_IRQHandler                           0x08000297   Thumb Code     0  startup_stm32f411xe.o(.text)
    DMA1_Stream0_IRQHandler                  0x08000297   Thumb Code     0  startup_stm32f411xe.o(.text)
    DMA1_Stream1_IRQHandler                  0x08000297   Thumb Code     0  startup_stm32f411xe.o(.text)
    DMA1_Stream2_IRQHandler                  0x08000297   Thumb Code     0  startup_stm32f411xe.o(.text)
    DMA1_Stream3_IRQHandler                  0x08000297   Thumb Code     0  startup_stm32f411xe.o(.text)
    DMA1_Stream4_IRQHandler                  0x08000297   Thumb Code     0  startup_stm32f411xe.o(.text)
    DMA1_Stream5_IRQHandler                  0x08000297   Thumb Code     0  startup_stm32f411xe.o(.text)
    DMA1_Stream6_IRQHandler                  0x08000297   Thumb Code     0  startup_stm32f411xe.o(.text)
    DMA1_Stream7_IRQHandler                  0x08000297   Thumb Code     0  startup_stm32f411xe.o(.text)
    DMA2_Stream0_IRQHandler                  0x08000297   Thumb Code     0  startup_stm32f411xe.o(.text)
    DMA2_Stream1_IRQHandler                  0x08000297   Thumb Code     0  startup_stm32f411xe.o(.text)
    DMA2_Stream2_IRQHandler                  0x08000297   Thumb Code     0  startup_stm32f411xe.o(.text)
    DMA2_Stream3_IRQHandler                  0x08000297   Thumb Code     0  startup_stm32f411xe.o(.text)
    DMA2_Stream4_IRQHandler                  0x08000297   Thumb Code     0  startup_stm32f411xe.o(.text)
    DMA2_Stream5_IRQHandler                  0x08000297   Thumb Code     0  startup_stm32f411xe.o(.text)
    DMA2_Stream6_IRQHandler                  0x08000297   Thumb Code     0  startup_stm32f411xe.o(.text)
    DMA2_Stream7_IRQHandler                  0x08000297   Thumb Code     0  startup_stm32f411xe.o(.text)
    EXTI0_IRQHandler                         0x08000297   Thumb Code     0  startup_stm32f411xe.o(.text)
    EXTI15_10_IRQHandler                     0x08000297   Thumb Code     0  startup_stm32f411xe.o(.text)
    EXTI1_IRQHandler                         0x08000297   Thumb Code     0  startup_stm32f411xe.o(.text)
    EXTI2_IRQHandler                         0x08000297   Thumb Code     0  startup_stm32f411xe.o(.text)
    EXTI3_IRQHandler                         0x08000297   Thumb Code     0  startup_stm32f411xe.o(.text)
    EXTI4_IRQHandler                         0x08000297   Thumb Code     0  startup_stm32f411xe.o(.text)
    EXTI9_5_IRQHandler                       0x08000297   Thumb Code     0  startup_stm32f411xe.o(.text)
    FLASH_IRQHandler                         0x08000297   Thumb Code     0  startup_stm32f411xe.o(.text)
    FPU_IRQHandler                           0x08000297   Thumb Code     0  startup_stm32f411xe.o(.text)
    I2C1_ER_IRQHandler                       0x08000297   Thumb Code     0  startup_stm32f411xe.o(.text)
    I2C1_EV_IRQHandler                       0x08000297   Thumb Code     0  startup_stm32f411xe.o(.text)
    I2C2_ER_IRQHandler                       0x08000297   Thumb Code     0  startup_stm32f411xe.o(.text)
    I2C2_EV_IRQHandler                       0x08000297   Thumb Code     0  startup_stm32f411xe.o(.text)
    I2C3_ER_IRQHandler                       0x08000297   Thumb Code     0  startup_stm32f411xe.o(.text)
    I2C3_EV_IRQHandler                       0x08000297   Thumb Code     0  startup_stm32f411xe.o(.text)
    OTG_FS_IRQHandler                        0x08000297   Thumb Code     0  startup_stm32f411xe.o(.text)
    OTG_FS_WKUP_IRQHandler                   0x08000297   Thumb Code     0  startup_stm32f411xe.o(.text)
    PVD_IRQHandler                           0x08000297   Thumb Code     0  startup_stm32f411xe.o(.text)
    RCC_IRQHandler                           0x08000297   Thumb Code     0  startup_stm32f411xe.o(.text)
    RTC_Alarm_IRQHandler                     0x08000297   Thumb Code     0  startup_stm32f411xe.o(.text)
    RTC_WKUP_IRQHandler                      0x08000297   Thumb Code     0  startup_stm32f411xe.o(.text)
    SDIO_IRQHandler                          0x08000297   Thumb Code     0  startup_stm32f411xe.o(.text)
    SPI1_IRQHandler                          0x08000297   Thumb Code     0  startup_stm32f411xe.o(.text)
    SPI2_IRQHandler                          0x08000297   Thumb Code     0  startup_stm32f411xe.o(.text)
    SPI3_IRQHandler                          0x08000297   Thumb Code     0  startup_stm32f411xe.o(.text)
    SPI4_IRQHandler                          0x08000297   Thumb Code     0  startup_stm32f411xe.o(.text)
    SPI5_IRQHandler                          0x08000297   Thumb Code     0  startup_stm32f411xe.o(.text)
    TAMP_STAMP_IRQHandler                    0x08000297   Thumb Code     0  startup_stm32f411xe.o(.text)
    TIM1_BRK_TIM9_IRQHandler                 0x08000297   Thumb Code     0  startup_stm32f411xe.o(.text)
    TIM1_CC_IRQHandler                       0x08000297   Thumb Code     0  startup_stm32f411xe.o(.text)
    TIM1_TRG_COM_TIM11_IRQHandler            0x08000297   Thumb Code     0  startup_stm32f411xe.o(.text)
    TIM1_UP_TIM10_IRQHandler                 0x08000297   Thumb Code     0  startup_stm32f411xe.o(.text)
    TIM2_IRQHandler                          0x08000297   Thumb Code     0  startup_stm32f411xe.o(.text)
    TIM3_IRQHandler                          0x08000297   Thumb Code     0  startup_stm32f411xe.o(.text)
    TIM4_IRQHandler                          0x08000297   Thumb Code     0  startup_stm32f411xe.o(.text)
    TIM5_IRQHandler                          0x08000297   Thumb Code     0  startup_stm32f411xe.o(.text)
    USART1_IRQHandler                        0x08000297   Thumb Code     0  startup_stm32f411xe.o(.text)
    USART2_IRQHandler                        0x08000297   Thumb Code     0  startup_stm32f411xe.o(.text)
    USART6_IRQHandler                        0x08000297   Thumb Code     0  startup_stm32f411xe.o(.text)
    WWDG_IRQHandler                          0x08000297   Thumb Code     0  startup_stm32f411xe.o(.text)
    __user_initial_stackheap                 0x08000299   Thumb Code     0  startup_stm32f411xe.o(.text)
    __use_two_region_memory                  0x080002bd   Thumb Code     2  heapauxi.o(.text)
    __rt_heap_escrow$2region                 0x080002bf   Thumb Code     2  heapauxi.o(.text)
    __rt_heap_expand$2region                 0x080002c1   Thumb Code     2  heapauxi.o(.text)
    __user_setup_stackheap                   0x080002c3   Thumb Code    74  sys_stackheap_outer.o(.text)
    exit                                     0x0800030d   Thumb Code    18  exit.o(.text)
    __user_libspace                          0x08000321   Thumb Code     8  libspace.o(.text)
    __user_perproc_libspace                  0x08000321   Thumb Code     0  libspace.o(.text)
    __user_perthread_libspace                0x08000321   Thumb Code     0  libspace.o(.text)
    _sys_exit                                0x08000329   Thumb Code     8  sys_exit.o(.text)
    __I$use$semihosting                      0x08000335   Thumb Code     0  use_no_semi.o(.text)
    __use_no_semihosting_swi                 0x08000335   Thumb Code     2  use_no_semi.o(.text)
    __semihosting_library_function           0x08000337   Thumb Code     0  indicate_semi.o(.text)
    SystemInit                               0x08000339   Thumb Code    18  system_stm32f4xx.o(.text.SystemInit)
    Init(signed char*, short*, int)          0x0800034d   Thumb Code   128  main.o(.text._Z4InitPaPsi)
    CalcZ(int*, signed char const*, short const*, int) 0x080003cd   Thumb Code   124  main.o(.text._Z5CalcZPiPKaPKsi)
    std::__2::uniform_int_distribution<int>::param_type::a() const 0x08000449   Thumb Code    12  main.o(.text._ZNKSt3__224uniform_int_distributionIiE10param_type1aEv)
    std::__2::uniform_int_distribution<int>::param_type::b() const 0x08000455   Thumb Code    12  main.o(.text._ZNKSt3__224uniform_int_distributionIiE10param_type1bEv)
    std::__2::__libcpp_clz[abi:v16000](unsigned int) 0x08000461   Thumb Code    14  main.o(.text._ZNSt3__212__libcpp_clzB6v16000Ej)
    int std::__2::__countl_zero[abi:v16000]<unsigned int>(unsigned int) 0x08000471   Thumb Code    34  main.o(.text._ZNSt3__213__countl_zeroB6v16000IjEEiT_)
    std::__2::numeric_limits<unsigned int>::max[abi:v16000]() 0x08000495   Thumb Code     8  main.o(.text._ZNSt3__214numeric_limitsIjE3maxB6v16000Ev)
    std::__2::__libcpp_numeric_limits<unsigned int, true>::max[abi:v16000]() 0x0800049d   Thumb Code     6  main.o(.text._ZNSt3__223__libcpp_numeric_limitsIjLb1EE3maxB6v16000Ev)
    std::__2::mersenne_twister_engine<unsigned int, 32u, 624u, 397u, 31u, 2567483615u, 11u, 4294967295u, 7u, 2636928640u, 15u, 4022730752u, 18u, 1812433253u>::seed(unsigned int) 0x080004a5   Thumb Code    98  main.o(.text._ZNSt3__223mersenne_twister_engineIjLj32ELj624ELj397ELj31ELj2567483615ELj11ELj4294967295ELj7ELj2636928640ELj15ELj4022730752ELj18ELj1812433253EE4seedEj)
    std::__2::enable_if<15u < 32u, unsigned int>::type std::__2::mersenne_twister_engine<unsigned int, 32u, 624u, 397u, 31u, 2567483615u, 11u, 4294967295u, 7u, 2636928640u, 15u, 4022730752u, 18u, 1812433253u>::__lshift[abi:v16000]<15u>(unsigned int) 0x08000509   Thumb Code    12  main.o(.text._ZNSt3__223mersenne_twister_engineIjLj32ELj624ELj397ELj31ELj2567483615ELj11ELj4294967295ELj7ELj2636928640ELj15ELj4022730752ELj18ELj1812433253EE8__lshiftB6v16000ILj15EEENS_9enable_ifIXltT_Lj32EEjE4typeEj)
    std::__2::enable_if<7u < 32u, unsigned int>::type std::__2::mersenne_twister_engine<unsigned int, 32u, 624u, 397u, 31u, 2567483615u, 11u, 4294967295u, 7u, 2636928640u, 15u, 4022730752u, 18u, 1812433253u>::__lshift[abi:v16000]<7u>(unsigned int) 0x08000515   Thumb Code    12  main.o(.text._ZNSt3__223mersenne_twister_engineIjLj32ELj624ELj397ELj31ELj2567483615ELj11ELj4294967295ELj7ELj2636928640ELj15ELj4022730752ELj18ELj1812433253EE8__lshiftB6v16000ILj7EEENS_9enable_ifIXltT_Lj32EEjE4typeEj)
    std::__2::enable_if<11u < std::__2::mersenne_twister_engine<unsigned int, 32u, 624u, 397u, 31u, 2567483615u, 11u, 4294967295u, 7u, 2636928640u, 15u, 4022730752u, 18u, 1812433253u>::_Dt, unsigned int>::type std::__2::mersenne_twister_engine<unsigned int, 32u, 624u, 397u, 31u, 2567483615u, 11u, 4294967295u, 7u, 2636928640u, 15u, 4022730752u, 18u, 1812433253u>::__rshift[abi:v16000]<11u>(unsigned int) 0x08000521   Thumb Code    12  main.o(.text._ZNSt3__223mersenne_twister_engineIjLj32ELj624ELj397ELj31ELj2567483615ELj11ELj4294967295ELj7ELj2636928640ELj15ELj4022730752ELj18ELj1812433253EE8__rshiftB6v16000ILj11EEENS_9enable_ifIXltT_L_ZNS1_3_DtEEEjE4typeEj)
    std::__2::enable_if<18u < std::__2::mersenne_twister_engine<unsigned int, 32u, 624u, 397u, 31u, 2567483615u, 11u, 4294967295u, 7u, 2636928640u, 15u, 4022730752u, 18u, 1812433253u>::_Dt, unsigned int>::type std::__2::mersenne_twister_engine<unsigned int, 32u, 624u, 397u, 31u, 2567483615u, 11u, 4294967295u, 7u, 2636928640u, 15u, 4022730752u, 18u, 1812433253u>::__rshift[abi:v16000]<18u>(unsigned int) 0x0800052d   Thumb Code    12  main.o(.text._ZNSt3__223mersenne_twister_engineIjLj32ELj624ELj397ELj31ELj2567483615ELj11ELj4294967295ELj7ELj2636928640ELj15ELj4022730752ELj18ELj1812433253EE8__rshiftB6v16000ILj18EEENS_9enable_ifIXltT_L_ZNS1_3_DtEEEjE4typeEj)
    std::__2::enable_if<1u < std::__2::mersenne_twister_engine<unsigned int, 32u, 624u, 397u, 31u, 2567483615u, 11u, 4294967295u, 7u, 2636928640u, 15u, 4022730752u, 18u, 1812433253u>::_Dt, unsigned int>::type std::__2::mersenne_twister_engine<unsigned int, 32u, 624u, 397u, 31u, 2567483615u, 11u, 4294967295u, 7u, 2636928640u, 15u, 4022730752u, 18u, 1812433253u>::__rshift[abi:v16000]<1u>(unsigned int) 0x08000539   Thumb Code    12  main.o(.text._ZNSt3__223mersenne_twister_engineIjLj32ELj624ELj397ELj31ELj2567483615ELj11ELj4294967295ELj7ELj2636928640ELj15ELj4022730752ELj18ELj1812433253EE8__rshiftB6v16000ILj1EEENS_9enable_ifIXltT_L_ZNS1_3_DtEEEjE4typeEj)
    std::__2::enable_if<30u < std::__2::mersenne_twister_engine<unsigned int, 32u, 624u, 397u, 31u, 2567483615u, 11u, 4294967295u, 7u, 2636928640u, 15u, 4022730752u, 18u, 1812433253u>::_Dt, unsigned int>::type std::__2::mersenne_twister_engine<unsigned int, 32u, 624u, 397u, 31u, 2567483615u, 11u, 4294967295u, 7u, 2636928640u, 15u, 4022730752u, 18u, 1812433253u>::__rshift[abi:v16000]<30u>(unsigned int) 0x08000545   Thumb Code    12  main.o(.text._ZNSt3__223mersenne_twister_engineIjLj32ELj624ELj397ELj31ELj2567483615ELj11ELj4294967295ELj7ELj2636928640ELj15ELj4022730752ELj18ELj1812433253EE8__rshiftB6v16000ILj30EEENS_9enable_ifIXltT_L_ZNS1_3_DtEEEjE4typeEj)
    std::__2::mersenne_twister_engine<unsigned int, 32u, 624u, 397u, 31u, 2567483615u, 11u, 4294967295u, 7u, 2636928640u, 15u, 4022730752u, 18u, 1812433253u>::mersenne_twister_engine__sub_object[abi:v16000](unsigned int) 0x08000551   Thumb Code    24  main.o(.text._ZNSt3__223mersenne_twister_engineIjLj32ELj624ELj397ELj31ELj2567483615ELj11ELj4294967295ELj7ELj2636928640ELj15ELj4022730752ELj18ELj1812433253EEC2B6v16000Ej)
    std::__2::mersenne_twister_engine<unsigned int, 32u, 624u, 397u, 31u, 2567483615u, 11u, 4294967295u, 7u, 2636928640u, 15u, 4022730752u, 18u, 1812433253u>::operator()() 0x08000569   Thumb Code   228  main.o(.text._ZNSt3__223mersenne_twister_engineIjLj32ELj624ELj397ELj31ELj2567483615ELj11ELj4294967295ELj7ELj2636928640ELj15ELj4022730752ELj18ELj1812433253EEclEv)
    std::__2::uniform_int_distribution<int>::param_type::param_type__sub_object(int, int) 0x0800064d   Thumb Code    22  main.o(.text._ZNSt3__224uniform_int_distributionIiE10param_typeC2Eii)
    std::__2::uniform_int_distribution<int>::uniform_int_distribution__sub_object(int, int) 0x08000665   Thumb Code    28  main.o(.text._ZNSt3__224uniform_int_distributionIiEC2Eii)
    int std::__2::uniform_int_distribution<int>::operator()<std::__2::mersenne_twister_engine<unsigned int, 32u, 624u, 397u, 31u, 2567483615u, 11u, 4294967295u, 7u, 2636928640u, 15u, 4022730752u, 18u, 1812433253u>>(std::__2::mersenne_twister_engine<unsigned int, 32u, 624u, 397u, 31u, 2567483615u, 11u, 4294967295u, 7u, 2636928640u, 15u, 4022730752u, 18u, 1812433253u>&) 0x08000681   Thumb Code    22  main.o(.text._ZNSt3__224uniform_int_distributionIiEclINS_23mersenne_twister_engineIjLj32ELj624ELj397ELj31ELj2567483615ELj11ELj4294967295ELj7ELj2636928640ELj15ELj4022730752ELj18ELj1812433253EEEEEiRT_)
    int std::__2::uniform_int_distribution<int>::operator()<std::__2::mersenne_twister_engine<unsigned int, 32u, 624u, 397u, 31u, 2567483615u, 11u, 4294967295u, 7u, 2636928640u, 15u, 4022730752u, 18u, 1812433253u>>(std::__2::mersenne_twister_engine<unsigned int, 32u, 624u, 397u, 31u, 2567483615u, 11u, 4294967295u, 7u, 2636928640u, 15u, 4022730752u, 18u, 1812433253u>&, std::__2::uniform_int_distribution<int>::param_type const&) 0x08000699   Thumb Code   188  main.o(.text._ZNSt3__224uniform_int_distributionIiEclINS_23mersenne_twister_engineIjLj32ELj624ELj397ELj31ELj2567483615ELj11ELj4294967295ELj7ELj2636928640ELj15ELj4022730752ELj18ELj1812433253EEEEEiRT_RKNS1_10param_typeE)
    std::__2::__independent_bits_engine<std::__2::mersenne_twister_engine<unsigned int, 32u, 624u, 397u, 31u, 2567483615u, 11u, 4294967295u, 7u, 2636928640u, 15u, 4022730752u, 18u, 1812433253u>, unsigned int>::__eval(std::__2::integral_constant<bool, false>) 0x08000755   Thumb Code    26  main.o(.text._ZNSt3__225__independent_bits_engineINS_23mersenne_twister_engineIjLj32ELj624ELj397ELj31ELj2567483615ELj11ELj4294967295ELj7ELj2636928640ELj15ELj4022730752ELj18ELj1812433253EEEjE6__evalENS_17integral_constantIbLb0EEE)
    std::__2::__independent_bits_engine<std::__2::mersenne_twister_engine<unsigned int, 32u, 624u, 397u, 31u, 2567483615u, 11u, 4294967295u, 7u, 2636928640u, 15u, 4022730752u, 18u, 1812433253u>, unsigned int>::__independent_bits_engine__sub_object(std::__2::mersenne_twister_engine<unsigned int, 32u, 624u, 397u, 31u, 2567483615u, 11u, 4294967295u, 7u, 2636928640u, 15u, 4022730752u, 18u, 1812433253u>&, unsigned int) 0x08000771   Thumb Code   242  main.o(.text._ZNSt3__225__independent_bits_engineINS_23mersenne_twister_engineIjLj32ELj624ELj397ELj31ELj2567483615ELj11ELj4294967295ELj7ELj2636928640ELj15ELj4022730752ELj18ELj1812433253EEEjEC2ERS2_j)
    std::__2::__independent_bits_engine<std::__2::mersenne_twister_engine<unsigned int, 32u, 624u, 397u, 31u, 2567483615u, 11u, 4294967295u, 7u, 2636928640u, 15u, 4022730752u, 18u, 1812433253u>, unsigned int>::operator()() 0x08000865   Thumb Code    16  main.o(.text._ZNSt3__225__independent_bits_engineINS_23mersenne_twister_engineIjLj32ELj624ELj397ELj31ELj2567483615ELj11ELj4294967295ELj7ELj2636928640ELj15ELj4022730752ELj18ELj1812433253EEEjEclEv)
    main                                     0x08000875   Thumb Code    64  main.o(.text.main)
    _fp_init                                 0x080008b5   Thumb Code    26  fpinit.o(x$fpl$fpinit)
    __fplib_config_fpu_vfp                   0x080008cd   Thumb Code     0  fpinit.o(x$fpl$fpinit)
    __fplib_config_pureend_doubles           0x080008cd   Thumb Code     0  fpinit.o(x$fpl$fpinit)
    Region$$Table$$Base                      0x080008d0   Number         0  anon$$obj.o(Region$$Table)
    Region$$Table$$Limit                     0x080008f0   Number         0  anon$$obj.o(Region$$Table)
    g_Val1                                   0x20000000   Data           4  main.o(.data.g_Val1)
    g_Val2                                   0x20000004   Data           4  main.o(.data.g_Val2)
    __libspace_start                         0x20000008   Data          96  libspace.o(.bss)
    __temporary_stack_top$libspace           0x20000068   Data           0  libspace.o(.bss)



==============================================================================

Memory Map of the image

  Image Entry point : 0x0800027d

  Load Region LR_1 (Base: 0x08000000, Size: 0x000008f8, Max: 0xffffffff, ABSOLUTE)

    Execution Region ER_RO (Exec base: 0x08000000, Load base: 0x08000000, Size: 0x000008f0, Max: 0xffffffff, ABSOLUTE)

    Exec Addr    Load Addr    Size         Type   Attr      Idx    E Section Name        Object

    0x08000000   0x08000000   0x00000198   Data   RO           69    RESET               startup_stm32f411xe.o
    0x08000198   0x08000198   0x00000008   Code   RO           93  * !!!main             c_w.l(__main.o)
    0x080001a0   0x080001a0   0x00000034   Code   RO          258    !!!scatter          c_w.l(__scatter.o)
    0x080001d4   0x080001d4   0x0000001a   Code   RO          260    !!handler_copy      c_w.l(__scatter_copy.o)
    0x080001ee   0x080001ee   0x00000002   PAD
    0x080001f0   0x080001f0   0x0000001c   Code   RO          262    !!handler_zi        c_w.l(__scatter_zi.o)
    0x0800020c   0x0800020c   0x00000002   Code   RO          120    .ARM.Collect$$libinit$$00000000  c_w.l(libinit.o)
    0x0800020e   0x0800020e   0x00000004   Code   RO          126    .ARM.Collect$$libinit$$00000001  c_w.l(libinit2.o)
    0x08000212   0x08000212   0x00000000   Code   RO          129    .ARM.Collect$$libinit$$00000004  c_w.l(libinit2.o)
    0x08000212   0x08000212   0x00000000   Code   RO          131    .ARM.Collect$$libinit$$00000006  c_w.l(libinit2.o)
    0x08000212   0x08000212   0x00000000   Code   RO          134    .ARM.Collect$$libinit$$0000000C  c_w.l(libinit2.o)
    0x08000212   0x08000212   0x00000000   Code   RO          136    .ARM.Collect$$libinit$$0000000E  c_w.l(libinit2.o)
    0x08000212   0x08000212   0x00000000   Code   RO          138    .ARM.Collect$$libinit$$00000010  c_w.l(libinit2.o)
    0x08000212   0x08000212   0x00000000   Code   RO          141    .ARM.Collect$$libinit$$00000013  c_w.l(libinit2.o)
    0x08000212   0x08000212   0x00000000   Code   RO          143    .ARM.Collect$$libinit$$00000015  c_w.l(libinit2.o)
    0x08000212   0x08000212   0x00000000   Code   RO          145    .ARM.Collect$$libinit$$00000017  c_w.l(libinit2.o)
    0x08000212   0x08000212   0x00000000   Code   RO          147    .ARM.Collect$$libinit$$00000019  c_w.l(libinit2.o)
    0x08000212   0x08000212   0x00000000   Code   RO          149    .ARM.Collect$$libinit$$0000001B  c_w.l(libinit2.o)
    0x08000212   0x08000212   0x00000000   Code   RO          151    .ARM.Collect$$libinit$$0000001D  c_w.l(libinit2.o)
    0x08000212   0x08000212   0x00000000   Code   RO          153    .ARM.Collect$$libinit$$0000001F  c_w.l(libinit2.o)
    0x08000212   0x08000212   0x00000000   Code   RO          155    .ARM.Collect$$libinit$$00000021  c_w.l(libinit2.o)
    0x08000212   0x08000212   0x00000000   Code   RO          157    .ARM.Collect$$libinit$$00000023  c_w.l(libinit2.o)
    0x08000212   0x08000212   0x00000000   Code   RO          159    .ARM.Collect$$libinit$$00000025  c_w.l(libinit2.o)
    0x08000212   0x08000212   0x00000000   Code   RO          161    .ARM.Collect$$libinit$$00000027  c_w.l(libinit2.o)
    0x08000212   0x08000212   0x00000000   Code   RO          165    .ARM.Collect$$libinit$$0000002E  c_w.l(libinit2.o)
    0x08000212   0x08000212   0x00000000   Code   RO          167    .ARM.Collect$$libinit$$00000030  c_w.l(libinit2.o)
    0x08000212   0x08000212   0x00000000   Code   RO          169    .ARM.Collect$$libinit$$00000032  c_w.l(libinit2.o)
    0x08000212   0x08000212   0x00000000   Code   RO          171    .ARM.Collect$$libinit$$00000034  c_w.l(libinit2.o)
    0x08000212   0x08000212   0x00000002   Code   RO          172    .ARM.Collect$$libinit$$00000035  c_w.l(libinit2.o)
    0x08000214   0x08000214   0x00000002   Code   RO          194    .ARM.Collect$$libshutdown$$00000000  c_w.l(libshutdown.o)
    0x08000216   0x08000216   0x00000000   Code   RO          209    .ARM.Collect$$libshutdown$$00000002  c_w.l(libshutdown2.o)
    0x08000216   0x08000216   0x00000000   Code   RO          211    .ARM.Collect$$libshutdown$$00000004  c_w.l(libshutdown2.o)
    0x08000216   0x08000216   0x00000000   Code   RO          214    .ARM.Collect$$libshutdown$$00000007  c_w.l(libshutdown2.o)
    0x08000216   0x08000216   0x00000000   Code   RO          217    .ARM.Collect$$libshutdown$$0000000A  c_w.l(libshutdown2.o)
    0x08000216   0x08000216   0x00000000   Code   RO          219    .ARM.Collect$$libshutdown$$0000000C  c_w.l(libshutdown2.o)
    0x08000216   0x08000216   0x00000000   Code   RO          222    .ARM.Collect$$libshutdown$$0000000F  c_w.l(libshutdown2.o)
    0x08000216   0x08000216   0x00000002   Code   RO          223    .ARM.Collect$$libshutdown$$00000010  c_w.l(libshutdown2.o)
    0x08000218   0x08000218   0x00000000   Code   RO           95    .ARM.Collect$$rtentry$$00000000  c_w.l(__rtentry.o)
    0x08000218   0x08000218   0x00000000   Code   RO           97    .ARM.Collect$$rtentry$$00000002  c_w.l(__rtentry2.o)
    0x08000218   0x08000218   0x00000006   Code   RO          109    .ARM.Collect$$rtentry$$00000004  c_w.l(__rtentry4.o)
    0x0800021e   0x0800021e   0x00000000   Code   RO           99    .ARM.Collect$$rtentry$$00000009  c_w.l(__rtentry2.o)
    0x0800021e   0x0800021e   0x00000004   Code   RO          100    .ARM.Collect$$rtentry$$0000000A  c_w.l(__rtentry2.o)
    0x08000222   0x08000222   0x00000000   Code   RO          102    .ARM.Collect$$rtentry$$0000000C  c_w.l(__rtentry2.o)
    0x08000222   0x08000222   0x00000008   Code   RO          103    .ARM.Collect$$rtentry$$0000000D  c_w.l(__rtentry2.o)
    0x0800022a   0x0800022a   0x00000002   Code   RO          124    .ARM.Collect$$rtexit$$00000000  c_w.l(rtexit.o)
    0x0800022c   0x0800022c   0x00000000   Code   RO          174    .ARM.Collect$$rtexit$$00000002  c_w.l(rtexit2.o)
    0x0800022c   0x0800022c   0x00000004   Code   RO          175    .ARM.Collect$$rtexit$$00000003  c_w.l(rtexit2.o)
    0x08000230   0x08000230   0x00000006   Code   RO          176    .ARM.Collect$$rtexit$$00000004  c_w.l(rtexit2.o)
    0x08000236   0x08000236   0x00000002   PAD
    0x08000238   0x08000238   0x00000044   Code   RO           62    .text               calc.o
    0x0800027c   0x0800027c   0x00000040   Code   RO           70  * .text               startup_stm32f411xe.o
    0x080002bc   0x080002bc   0x00000006   Code   RO           91    .text               c_w.l(heapauxi.o)
    0x080002c2   0x080002c2   0x0000004a   Code   RO          111    .text               c_w.l(sys_stackheap_outer.o)
    0x0800030c   0x0800030c   0x00000012   Code   RO          113    .text               c_w.l(exit.o)
    0x0800031e   0x0800031e   0x00000002   PAD
    0x08000320   0x08000320   0x00000008   Code   RO          121    .text               c_w.l(libspace.o)
    0x08000328   0x08000328   0x0000000c   Code   RO          184    .text               c_w.l(sys_exit.o)
    0x08000334   0x08000334   0x00000002   Code   RO          199    .text               c_w.l(use_no_semi.o)
    0x08000336   0x08000336   0x00000000   Code   RO          201    .text               c_w.l(indicate_semi.o)
    0x08000336   0x08000336   0x00000002   PAD
    0x08000338   0x08000338   0x00000012   Code   RO           76    .text.SystemInit    system_stm32f4xx.o
    0x0800034a   0x0800034a   0x00000002   PAD
    0x0800034c   0x0800034c   0x00000080   Code   RO            2    .text._Z4InitPaPsi  main.o
    0x080003cc   0x080003cc   0x0000007c   Code   RO            4    .text._Z5CalcZPiPKaPKsi  main.o
    0x08000448   0x08000448   0x0000000c   Code   RO           34    .text._ZNKSt3__224uniform_int_distributionIiE10param_type1aEv  main.o
    0x08000454   0x08000454   0x0000000c   Code   RO           32    .text._ZNKSt3__224uniform_int_distributionIiE10param_type1bEv  main.o
    0x08000460   0x08000460   0x0000000e   Code   RO           58    .text._ZNSt3__212__libcpp_clzB6v16000Ej  main.o
    0x0800046e   0x0800046e   0x00000002   PAD
    0x08000470   0x08000470   0x00000022   Code   RO           40    .text._ZNSt3__213__countl_zeroB6v16000IjEEiT_  main.o
    0x08000492   0x08000492   0x00000002   PAD
    0x08000494   0x08000494   0x00000008   Code   RO           42    .text._ZNSt3__214numeric_limitsIjE3maxB6v16000Ev  main.o
    0x0800049c   0x0800049c   0x00000006   Code   RO           60    .text._ZNSt3__223__libcpp_numeric_limitsIjLb1EE3maxB6v16000Ev  main.o
    0x080004a2   0x080004a2   0x00000002   PAD
    0x080004a4   0x080004a4   0x00000062   Code   RO           26    .text._ZNSt3__223mersenne_twister_engineIjLj32ELj624ELj397ELj31ELj2567483615ELj11ELj4294967295ELj7ELj2636928640ELj15ELj4022730752ELj18ELj1812433253EE4seedEj  main.o
    0x08000506   0x08000506   0x00000002   PAD
    0x08000508   0x08000508   0x0000000c   Code   RO           54    .text._ZNSt3__223mersenne_twister_engineIjLj32ELj624ELj397ELj31ELj2567483615ELj11ELj4294967295ELj7ELj2636928640ELj15ELj4022730752ELj18ELj1812433253EE8__lshiftB6v16000ILj15EEENS_9enable_ifIXltT_Lj32EEjE4typeEj  main.o
    0x08000514   0x08000514   0x0000000c   Code   RO           52    .text._ZNSt3__223mersenne_twister_engineIjLj32ELj624ELj397ELj31ELj2567483615ELj11ELj4294967295ELj7ELj2636928640ELj15ELj4022730752ELj18ELj1812433253EE8__lshiftB6v16000ILj7EEENS_9enable_ifIXltT_Lj32EEjE4typeEj  main.o
    0x08000520   0x08000520   0x0000000c   Code   RO           50    .text._ZNSt3__223mersenne_twister_engineIjLj32ELj624ELj397ELj31ELj2567483615ELj11ELj4294967295ELj7ELj2636928640ELj15ELj4022730752ELj18ELj1812433253EE8__rshiftB6v16000ILj11EEENS_9enable_ifIXltT_L_ZNS1_3_DtEEEjE4typeEj  main.o
    0x0800052c   0x0800052c   0x0000000c   Code   RO           56    .text._ZNSt3__223mersenne_twister_engineIjLj32ELj624ELj397ELj31ELj2567483615ELj11ELj4294967295ELj7ELj2636928640ELj15ELj4022730752ELj18ELj1812433253EE8__rshiftB6v16000ILj18EEENS_9enable_ifIXltT_L_ZNS1_3_DtEEEjE4typeEj  main.o
    0x08000538   0x08000538   0x0000000c   Code   RO           48    .text._ZNSt3__223mersenne_twister_engineIjLj32ELj624ELj397ELj31ELj2567483615ELj11ELj4294967295ELj7ELj2636928640ELj15ELj4022730752ELj18ELj1812433253EE8__rshiftB6v16000ILj1EEENS_9enable_ifIXltT_L_ZNS1_3_DtEEEjE4typeEj  main.o
    0x08000544   0x08000544   0x0000000c   Code   RO           28    .text._ZNSt3__223mersenne_twister_engineIjLj32ELj624ELj397ELj31ELj2567483615ELj11ELj4294967295ELj7ELj2636928640ELj15ELj4022730752ELj18ELj1812433253EE8__rshiftB6v16000ILj30EEENS_9enable_ifIXltT_L_ZNS1_3_DtEEEjE4typeEj  main.o
    0x08000550   0x08000550   0x00000018   Code   RO           20    .text._ZNSt3__223mersenne_twister_engineIjLj32ELj624ELj397ELj31ELj2567483615ELj11ELj4294967295ELj7ELj2636928640ELj15ELj4022730752ELj18ELj1812433253EEC2B6v16000Ej  main.o
    0x08000568   0x08000568   0x000000e4   Code   RO           46    .text._ZNSt3__223mersenne_twister_engineIjLj32ELj624ELj397ELj31ELj2567483615ELj11ELj4294967295ELj7ELj2636928640ELj15ELj4022730752ELj18ELj1812433253EEclEv  main.o
    0x0800064c   0x0800064c   0x00000016   Code   RO           24    .text._ZNSt3__224uniform_int_distributionIiE10param_typeC2Eii  main.o
    0x08000662   0x08000662   0x00000002   PAD
    0x08000664   0x08000664   0x0000001c   Code   RO           18    .text._ZNSt3__224uniform_int_distributionIiEC2Eii  main.o
    0x08000680   0x08000680   0x00000016   Code   RO           22    .text._ZNSt3__224uniform_int_distributionIiEclINS_23mersenne_twister_engineIjLj32ELj624ELj397ELj31ELj2567483615ELj11ELj4294967295ELj7ELj2636928640ELj15ELj4022730752ELj18ELj1812433253EEEEEiRT_  main.o
    0x08000696   0x08000696   0x00000002   PAD
    0x08000698   0x08000698   0x000000bc   Code   RO           30    .text._ZNSt3__224uniform_int_distributionIiEclINS_23mersenne_twister_engineIjLj32ELj624ELj397ELj31ELj2567483615ELj11ELj4294967295ELj7ELj2636928640ELj15ELj4022730752ELj18ELj1812433253EEEEEiRT_RKNS1_10param_typeE  main.o
    0x08000754   0x08000754   0x0000001a   Code   RO           44    .text._ZNSt3__225__independent_bits_engineINS_23mersenne_twister_engineIjLj32ELj624ELj397ELj31ELj2567483615ELj11ELj4294967295ELj7ELj2636928640ELj15ELj4022730752ELj18ELj1812433253EEEjE6__evalENS_17integral_constantIbLb0EEE  main.o
    0x0800076e   0x0800076e   0x00000002   PAD
    0x08000770   0x08000770   0x000000f2   Code   RO           36    .text._ZNSt3__225__independent_bits_engineINS_23mersenne_twister_engineIjLj32ELj624ELj397ELj31ELj2567483615ELj11ELj4294967295ELj7ELj2636928640ELj15ELj4022730752ELj18ELj1812433253EEEjEC2ERS2_j  main.o
    0x08000862   0x08000862   0x00000002   PAD
    0x08000864   0x08000864   0x00000010   Code   RO           38    .text._ZNSt3__225__independent_bits_engineINS_23mersenne_twister_engineIjLj32ELj624ELj397ELj31ELj2567483615ELj11ELj4294967295ELj7ELj2636928640ELj15ELj4022730752ELj18ELj1812433253EEEjEclEv  main.o
    0x08000874   0x08000874   0x00000040   Code   RO            6    .text.main          main.o
    0x080008b4   0x080008b4   0x0000001a   Code   RO          182    x$fpl$fpinit        fz_wm.l(fpinit.o)
    0x080008ce   0x080008ce   0x00000002   PAD
    0x080008d0   0x080008d0   0x00000020   Data   RO          257    Region$$Table       anon$$obj.o


    Execution Region ER_RW (Exec base: 0x20000000, Load base: 0x080008f0, Size: 0x00000008, Max: 0xffffffff, ABSOLUTE)

    Exec Addr    Load Addr    Size         Type   Attr      Idx    E Section Name        Object

    0x20000000   0x080008f0   0x00000004   Data   RW            8    .data.g_Val1        main.o
    0x20000004   0x080008f4   0x00000004   Data   RW            9    .data.g_Val2        main.o


    Execution Region ER_ZI (Exec base: 0x20000008, Load base: 0x080008f8, Size: 0x00000660, Max: 0xffffffff, ABSOLUTE)

    Exec Addr    Load Addr    Size         Type   Attr      Idx    E Section Name        Object

    0x20000008        -       0x00000060   Zero   RW          122    .bss                c_w.l(libspace.o)
    0x20000068        -       0x00000200   Zero   RW           68    HEAP                startup_stm32f411xe.o
    0x20000268        -       0x00000400   Zero   RW           67    STACK               startup_stm32f411xe.o


==============================================================================

Image component sizes


      Code (inc. data)   RO Data    RW Data    ZI Data      Debug   Object Name

        68          8          0          0          0        352   calc.o
      1368          0          0          8          0      40529   main.o
        64         26        408          0       1536        896   startup_stm32f411xe.o
        18          0          0          0          0       2726   system_stm32f4xx.o

    ----------------------------------------------------------------------
      1536         34        440          8       1536      44503   Object Totals
         0          0         32          0          0          0   (incl. Generated)
        18          0          0          0          0          0   (incl. Padding)

    ----------------------------------------------------------------------

      Code (inc. data)   RO Data    RW Data    ZI Data      Debug   Library Member Name

         8          0          0          0          0         68   __main.o
         0          0          0          0          0          0   __rtentry.o
        12          0          0          0          0          0   __rtentry2.o
         6          0          0          0          0          0   __rtentry4.o
        52          8          0          0          0          0   __scatter.o
        26          0          0          0          0          0   __scatter_copy.o
        28          0          0          0          0          0   __scatter_zi.o
        18          0          0          0          0         80   exit.o
         6          0          0          0          0        152   heapauxi.o
         0          0          0          0          0          0   indicate_semi.o
         2          0          0          0          0          0   libinit.o
         6          0          0          0          0          0   libinit2.o
         2          0          0          0          0          0   libshutdown.o
         2          0          0          0          0          0   libshutdown2.o
         8          4          0          0         96         68   libspace.o
         2          0          0          0          0          0   rtexit.o
        10          0          0          0          0          0   rtexit2.o
        12          4          0          0          0         68   sys_exit.o
        74          0          0          0          0         80   sys_stackheap_outer.o
         2          0          0          0          0         68   use_no_semi.o
        26          0          0          0          0        116   fpinit.o

    ----------------------------------------------------------------------
       312         16          0          0         96        700   Library Totals
        10          0          0          0          0          0   (incl. Padding)

    ----------------------------------------------------------------------

      Code (inc. data)   RO Data    RW Data    ZI Data      Debug   Library Name

       276         16          0          0         96        584   c_w.l
        26          0          0          0          0        116   fz_wm.l

    ----------------------------------------------------------------------
       312         16          0          0         96        700   Library Totals

    ----------------------------------------------------------------------

==============================================================================


      Code (inc. data)   RO Data    RW Data    ZI Data      Debug   

      1848         50        440          8       1632      45027   Grand Totals
      1848         50        440          8       1632      45027   ELF Image Totals
      1848         50        440          8          0          0   ROM Totals

==============================================================================

    Total RO  Size (Code + RO Data)                 2288 (   2.23kB)
    Total RW  Size (RW Data + ZI Data)              1640 (   1.60kB)
    Total ROM Size (Code + RO Data + RW Data)       2296 (   2.24kB)

==============================================================================

